Archive member included because of file (symbol)

c:/program files (x86)/atmel/atmel studio 6.0/extensions/atmel/avrgcc/3.4.1.95/avrtoolchain/bin/../lib/gcc/avr/4.6.2/avr5\libgcc.a(_exit.o)
                              c:/program files (x86)/atmel/atmel studio 6.0/extensions/atmel/avrgcc/3.4.1.95/avrtoolchain/bin/../lib/gcc/avr/4.6.2/../../../../avr/lib/avr5/crtm32.o (exit)
c:/program files (x86)/atmel/atmel studio 6.0/extensions/atmel/avrgcc/3.4.1.95/avrtoolchain/bin/../lib/gcc/avr/4.6.2/avr5\libgcc.a(_copy_data.o)
                              DIO.o (__do_copy_data)
c:/program files (x86)/atmel/atmel studio 6.0/extensions/atmel/avrgcc/3.4.1.95/avrtoolchain/bin/../lib/gcc/avr/4.6.2/avr5\libgcc.a(_clear_bss.o)
                              DIO.o (__do_clear_bss)
c:/program files (x86)/atmel/atmel studio 6.0/extensions/atmel/avrgcc/3.4.1.95/avrtoolchain/bin/../lib/gcc/avr/4.6.2/../../../../avr/lib/avr5\libc.a(memcpy.o)
                              queue.o (memcpy)

Allocating common symbols
Common symbol       size              file

xQueueRegistry      0x20              queue.o
my_queue            0x2               message Queue.o

Memory Configuration

Name             Origin             Length             Attributes
text             0x00000000         0x00020000         xr
data             0x00800060         0x0000ffa0         rw !x
eeprom           0x00810000         0x00010000         rw !x
fuse             0x00820000         0x00000400         rw !x
lock             0x00830000         0x00000400         rw !x
signature        0x00840000         0x00000400         rw !x
*default*        0x00000000         0xffffffff

Linker script and memory map

LOAD c:/program files (x86)/atmel/atmel studio 6.0/extensions/atmel/avrgcc/3.4.1.95/avrtoolchain/bin/../lib/gcc/avr/4.6.2/../../../../avr/lib/avr5/crtm32.o
LOAD DIO.o
LOAD event_groups.o
LOAD heap_2.o
LOAD keypad_driver.o
LOAD LCD.o
LOAD list.o
LOAD message Queue.o
LOAD port.o
LOAD queue.o
LOAD tasks.o
START GROUP
LOAD c:/program files (x86)/atmel/atmel studio 6.0/extensions/atmel/avrgcc/3.4.1.95/avrtoolchain/bin/../lib/gcc/avr/4.6.2/../../../../avr/lib/avr5\libm.a
END GROUP
LOAD c:/program files (x86)/atmel/atmel studio 6.0/extensions/atmel/avrgcc/3.4.1.95/avrtoolchain/bin/../lib/gcc/avr/4.6.2/avr5\libgcc.a
LOAD c:/program files (x86)/atmel/atmel studio 6.0/extensions/atmel/avrgcc/3.4.1.95/avrtoolchain/bin/../lib/gcc/avr/4.6.2/../../../../avr/lib/avr5\libc.a
LOAD c:/program files (x86)/atmel/atmel studio 6.0/extensions/atmel/avrgcc/3.4.1.95/avrtoolchain/bin/../lib/gcc/avr/4.6.2/avr5\libgcc.a

.hash
 *(.hash)

.dynsym
 *(.dynsym)

.dynstr
 *(.dynstr)

.gnu.version
 *(.gnu.version)

.gnu.version_d
 *(.gnu.version_d)

.gnu.version_r
 *(.gnu.version_r)

.rel.init
 *(.rel.init)

.rela.init
 *(.rela.init)

.rel.text
 *(.rel.text)
 *(.rel.text.*)
 *(.rel.gnu.linkonce.t*)

.rela.text
 *(.rela.text)
 *(.rela.text.*)
 *(.rela.gnu.linkonce.t*)

.rel.fini
 *(.rel.fini)

.rela.fini
 *(.rela.fini)

.rel.rodata
 *(.rel.rodata)
 *(.rel.rodata.*)
 *(.rel.gnu.linkonce.r*)

.rela.rodata
 *(.rela.rodata)
 *(.rela.rodata.*)
 *(.rela.gnu.linkonce.r*)

.rel.data
 *(.rel.data)
 *(.rel.data.*)
 *(.rel.gnu.linkonce.d*)

.rela.data
 *(.rela.data)
 *(.rela.data.*)
 *(.rela.gnu.linkonce.d*)

.rel.ctors
 *(.rel.ctors)

.rela.ctors
 *(.rela.ctors)

.rel.dtors
 *(.rel.dtors)

.rela.dtors
 *(.rela.dtors)

.rel.got
 *(.rel.got)

.rela.got
 *(.rela.got)

.rel.bss
 *(.rel.bss)

.rela.bss
 *(.rela.bss)

.rel.plt
 *(.rel.plt)

.rela.plt
 *(.rela.plt)

.text           0x00000000     0x2ef2
 *(.vectors)
 .vectors       0x00000000       0x54 c:/program files (x86)/atmel/atmel studio 6.0/extensions/atmel/avrgcc/3.4.1.95/avrtoolchain/bin/../lib/gcc/avr/4.6.2/../../../../avr/lib/avr5/crtm32.o
                0x00000000                __vector_default
                0x00000000                __vectors
 *(.vectors)
 *(.progmem.gcc*)
 *(.progmem*)
                0x00000054                . = ALIGN (0x2)
                0x00000054                __trampolines_start = .
 *(.trampolines)
 .trampolines   0x00000054        0x0 linker stubs
 *(.trampolines*)
                0x00000054                __trampolines_end = .
 *(.jumptables)
 *(.jumptables*)
 *(.lowtext)
 *(.lowtext*)
                0x00000054                __ctors_start = .
 *(.ctors)
                0x00000054                __ctors_end = .
                0x00000054                __dtors_start = .
 *(.dtors)
                0x00000054                __dtors_end = .
 SORT(*)(.ctors)
 SORT(*)(.dtors)
 *(.init0)
 .init0         0x00000054        0x0 c:/program files (x86)/atmel/atmel studio 6.0/extensions/atmel/avrgcc/3.4.1.95/avrtoolchain/bin/../lib/gcc/avr/4.6.2/../../../../avr/lib/avr5/crtm32.o
                0x00000054                __init
 *(.init0)
 *(.init1)
 *(.init1)
 *(.init2)
 .init2         0x00000054        0xc c:/program files (x86)/atmel/atmel studio 6.0/extensions/atmel/avrgcc/3.4.1.95/avrtoolchain/bin/../lib/gcc/avr/4.6.2/../../../../avr/lib/avr5/crtm32.o
 *(.init2)
 *(.init3)
 *(.init3)
 *(.init4)
 .init4         0x00000060       0x16 c:/program files (x86)/atmel/atmel studio 6.0/extensions/atmel/avrgcc/3.4.1.95/avrtoolchain/bin/../lib/gcc/avr/4.6.2/avr5\libgcc.a(_copy_data.o)
                0x00000060                __do_copy_data
 .init4         0x00000076       0x10 c:/program files (x86)/atmel/atmel studio 6.0/extensions/atmel/avrgcc/3.4.1.95/avrtoolchain/bin/../lib/gcc/avr/4.6.2/avr5\libgcc.a(_clear_bss.o)
                0x00000076                __do_clear_bss
 *(.init4)
 *(.init5)
 *(.init5)
 *(.init6)
 *(.init6)
 *(.init7)
 *(.init7)
 *(.init8)
 *(.init8)
 *(.init9)
 .init9         0x00000086        0x8 c:/program files (x86)/atmel/atmel studio 6.0/extensions/atmel/avrgcc/3.4.1.95/avrtoolchain/bin/../lib/gcc/avr/4.6.2/../../../../avr/lib/avr5/crtm32.o
 *(.init9)
 *(.text)
 .text          0x0000008e        0x4 c:/program files (x86)/atmel/atmel studio 6.0/extensions/atmel/avrgcc/3.4.1.95/avrtoolchain/bin/../lib/gcc/avr/4.6.2/../../../../avr/lib/avr5/crtm32.o
                0x0000008e                __vector_1
                0x0000008e                __vector_12
                0x0000008e                __bad_interrupt
                0x0000008e                __vector_6
                0x0000008e                __vector_3
                0x0000008e                __vector_11
                0x0000008e                __vector_13
                0x0000008e                __vector_17
                0x0000008e                __vector_19
                0x0000008e                __vector_5
                0x0000008e                __vector_4
                0x0000008e                __vector_9
                0x0000008e                __vector_2
                0x0000008e                __vector_15
                0x0000008e                __vector_8
                0x0000008e                __vector_14
                0x0000008e                __vector_10
                0x0000008e                __vector_16
                0x0000008e                __vector_18
                0x0000008e                __vector_20
 .text          0x00000092      0x558 DIO.o
                0x00000092                DIO_vsetPINDir
                0x00000198                DIO_write
                0x0000029e                DIO_u8read
                0x0000034e                DIO_toggle
                0x000003ce                DIO_set_port_direction
                0x000003f6                DIO_write_port
                0x0000041e                DIO_read_port
                0x0000044a                DIO_vconnectpullup
                0x00000550                write_low_nibble
                0x0000059c                write_high_nibble
 .text          0x000005ea      0x352 event_groups.o
                0x00000610                xEventGroupCreate
                0x00000638                xEventGroupWaitBits
                0x00000710                xEventGroupClearBits
                0x0000072e                xEventGroupGetBitsFromISR
                0x00000736                xEventGroupSetBits
                0x0000082c                xEventGroupSync
                0x000008fa                vEventGroupDelete
                0x0000092c                vEventGroupSetBitsCallback
                0x00000934                vEventGroupClearBitsCallback
 .text          0x0000093c      0x1b2 heap_2.o
                0x0000093c                pvPortMalloc
                0x00000a7c                vPortFree
                0x00000ae2                xPortGetFreeHeapSize
                0x00000aec                vPortInitialiseBlocks
 .text          0x00000aee      0x128 keypad_driver.o
                0x00000aee                keypad_vInit
                0x00000b68                keypad_u8check_press
 .text          0x00000c16      0x1be LCD.o
                0x00000c44                LCD_vSend_cmd
                0x00000c68                LCD_vInit
                0x00000d3c                LCD_vSend_char
                0x00000d60                LCD_vSend_string
                0x00000d7e                LCD_clearscreen
                0x00000d92                LCD_movecursor
 .text          0x00000dd4      0x116 list.o
                0x00000dd4                vListInitialise
                0x00000df0                vListInitialiseItem
                0x00000df8                vListInsertEnd
                0x00000e36                vListInsert
                0x00000e9a                uxListRemove
 .text          0x00000eea       0xb0 message Queue.o
                0x00000eea                LCD
                0x00000f14                keypad
                0x00000f4a                main
 .text          0x00000f9a      0x2fe port.o
                0x00000f9a                pxPortInitialiseStack
                0x000010ba                xPortStartScheduler
                0x00001124                vPortEndScheduler
                0x00001126                vPortYield
                0x000011d8                vPortYieldFromTick
                0x00001292                __vector_7
 .text          0x00001298      0x858 queue.o
                0x00001450                xQueueGenericReset
                0x000014dc                xQueueGenericCreate
                0x0000152e                xQueueGenericSend
                0x0000167a                xQueueCreateMutex
                0x000016b0                xQueueGenericSendFromISR
                0x00001722                xQueueGiveFromISR
                0x00001774                xQueueGenericReceive
                0x0000190e                xQueueReceiveFromISR
                0x0000197c                xQueuePeekFromISR
                0x000019aa                uxQueueMessagesWaiting
                0x000019ba                uxQueueSpacesAvailable
                0x000019ce                uxQueueMessagesWaitingFromISR
                0x000019d4                xQueueIsQueueEmptyFromISR
                0x000019e0                xQueueIsQueueFullFromISR
                0x000019ee                vQueueAddToRegistry
                0x00001a3a                pcQueueGetName
                0x00001a8a                vQueueUnregisterQueue
                0x00001ada                vQueueDelete
 .text          0x00001af0     0x13ec tasks.o
                0x00001c26                xTaskCreate
                0x00001e6a                vTaskDelete
                0x00001f0e                uxTaskPriorityGet
                0x00001f2c                uxTaskPriorityGetFromISR
                0x00001f40                vTaskPrioritySet
                0x00002040                vTaskResume
                0x000020c6                xTaskResumeFromISR
                0x00002158                vTaskStartScheduler
                0x000021ac                vTaskEndScheduler
                0x000021b8                vTaskSuspendAll
                0x000021c4                xTaskGetTickCount
                0x000021d8                xTaskGetTickCountFromISR
                0x000021e2                uxTaskGetNumberOfTasks
                0x000021e8                pcTaskGetName
                0x000021f8                xTaskIncrementTick
                0x00002342                xTaskResumeAll
                0x000024b2                vTaskDelay
                0x000024da                vTaskDelayUntil
                0x00002558                vTaskSwitchContext
                0x00002610                vTaskSuspend
                0x000026ae                vTaskPlaceOnEventList
                0x000026d2                vTaskPlaceOnUnorderedEventList
                0x00002704                xTaskRemoveFromEventList
                0x0000279a                xTaskRemoveFromUnorderedEventList
                0x0000280e                vTaskSetTimeOutState
                0x00002824                xTaskCheckForTimeOut
                0x0000288e                vTaskMissedYield
                0x00002896                xTaskGetCurrentTaskHandle
                0x000028a0                vTaskPriorityInherit
                0x0000295c                xTaskPriorityDisinherit
                0x000029de                uxTaskResetEventItemValue
                0x00002a0e                pvTaskIncrementMutexHeldCount
                0x00002a32                ulTaskNotifyTake
                0x00002ae8                xTaskNotifyWait
                0x00002be0                xTaskGenericNotify
                0x00002cda                xTaskGenericNotifyFromISR
                0x00002dfa                vTaskNotifyGiveFromISR
                0x00002eb2                xTaskNotifyStateClear
 .text          0x00002edc        0x0 c:/program files (x86)/atmel/atmel studio 6.0/extensions/atmel/avrgcc/3.4.1.95/avrtoolchain/bin/../lib/gcc/avr/4.6.2/avr5\libgcc.a(_exit.o)
 .text          0x00002edc        0x0 c:/program files (x86)/atmel/atmel studio 6.0/extensions/atmel/avrgcc/3.4.1.95/avrtoolchain/bin/../lib/gcc/avr/4.6.2/avr5\libgcc.a(_copy_data.o)
 .text          0x00002edc        0x0 c:/program files (x86)/atmel/atmel studio 6.0/extensions/atmel/avrgcc/3.4.1.95/avrtoolchain/bin/../lib/gcc/avr/4.6.2/avr5\libgcc.a(_clear_bss.o)
 .text          0x00002edc        0x0 c:/program files (x86)/atmel/atmel studio 6.0/extensions/atmel/avrgcc/3.4.1.95/avrtoolchain/bin/../lib/gcc/avr/4.6.2/../../../../avr/lib/avr5\libc.a(memcpy.o)
                0x00002edc                . = ALIGN (0x2)
 *(.text.*)
 .text.libgcc   0x00002edc        0x0 c:/program files (x86)/atmel/atmel studio 6.0/extensions/atmel/avrgcc/3.4.1.95/avrtoolchain/bin/../lib/gcc/avr/4.6.2/avr5\libgcc.a(_exit.o)
 .text.libgcc   0x00002edc        0x0 c:/program files (x86)/atmel/atmel studio 6.0/extensions/atmel/avrgcc/3.4.1.95/avrtoolchain/bin/../lib/gcc/avr/4.6.2/avr5\libgcc.a(_copy_data.o)
 .text.libgcc   0x00002edc        0x0 c:/program files (x86)/atmel/atmel studio 6.0/extensions/atmel/avrgcc/3.4.1.95/avrtoolchain/bin/../lib/gcc/avr/4.6.2/avr5\libgcc.a(_clear_bss.o)
 .text.avr-libc
                0x00002edc       0x12 c:/program files (x86)/atmel/atmel studio 6.0/extensions/atmel/avrgcc/3.4.1.95/avrtoolchain/bin/../lib/gcc/avr/4.6.2/../../../../avr/lib/avr5\libc.a(memcpy.o)
                0x00002edc                memcpy
                0x00002eee                . = ALIGN (0x2)
 *(.fini9)
 .fini9         0x00002eee        0x0 c:/program files (x86)/atmel/atmel studio 6.0/extensions/atmel/avrgcc/3.4.1.95/avrtoolchain/bin/../lib/gcc/avr/4.6.2/avr5\libgcc.a(_exit.o)
                0x00002eee                _exit
                0x00002eee                exit
 *(.fini9)
 *(.fini8)
 *(.fini8)
 *(.fini7)
 *(.fini7)
 *(.fini6)
 *(.fini6)
 *(.fini5)
 *(.fini5)
 *(.fini4)
 *(.fini4)
 *(.fini3)
 *(.fini3)
 *(.fini2)
 *(.fini2)
 *(.fini1)
 *(.fini1)
 *(.fini0)
 .fini0         0x00002eee        0x4 c:/program files (x86)/atmel/atmel studio 6.0/extensions/atmel/avrgcc/3.4.1.95/avrtoolchain/bin/../lib/gcc/avr/4.6.2/avr5\libgcc.a(_exit.o)
 *(.fini0)
                0x00002ef2                _etext = .

.data           0x00800060       0x1c load address 0x00002ef2
                0x00800060                PROVIDE (__data_start, .)
 *(.data)
 .data          0x00800060        0x0 c:/program files (x86)/atmel/atmel studio 6.0/extensions/atmel/avrgcc/3.4.1.95/avrtoolchain/bin/../lib/gcc/avr/4.6.2/../../../../avr/lib/avr5/crtm32.o
 .data          0x00800060        0x0 DIO.o
 .data          0x00800060        0x0 event_groups.o
 .data          0x00800060        0x2 heap_2.o
 .data          0x00800062       0x10 keypad_driver.o
 .data          0x00800072        0x0 LCD.o
 .data          0x00800072        0x0 list.o
 .data          0x00800072        0x4 message Queue.o
 .data          0x00800076        0x0 port.o
 .data          0x00800076        0x0 queue.o
 .data          0x00800076        0x5 tasks.o
 .data          0x0080007b        0x0 c:/program files (x86)/atmel/atmel studio 6.0/extensions/atmel/avrgcc/3.4.1.95/avrtoolchain/bin/../lib/gcc/avr/4.6.2/avr5\libgcc.a(_exit.o)
 .data          0x0080007b        0x0 c:/program files (x86)/atmel/atmel studio 6.0/extensions/atmel/avrgcc/3.4.1.95/avrtoolchain/bin/../lib/gcc/avr/4.6.2/avr5\libgcc.a(_copy_data.o)
 .data          0x0080007b        0x0 c:/program files (x86)/atmel/atmel studio 6.0/extensions/atmel/avrgcc/3.4.1.95/avrtoolchain/bin/../lib/gcc/avr/4.6.2/avr5\libgcc.a(_clear_bss.o)
 .data          0x0080007b        0x0 c:/program files (x86)/atmel/atmel studio 6.0/extensions/atmel/avrgcc/3.4.1.95/avrtoolchain/bin/../lib/gcc/avr/4.6.2/../../../../avr/lib/avr5\libc.a(memcpy.o)
 *(.data*)
 *(.rodata)
 *(.rodata*)
 *(.gnu.linkonce.d*)
                0x0080007c                . = ALIGN (0x2)
 *fill*         0x0080007b        0x1 00
                0x0080007c                _edata = .
                0x0080007c                PROVIDE (__data_end, .)

.bss            0x0080007c      0x3ba
                0x0080007c                PROVIDE (__bss_start, .)
 *(.bss)
 .bss           0x0080007c        0x0 c:/program files (x86)/atmel/atmel studio 6.0/extensions/atmel/avrgcc/3.4.1.95/avrtoolchain/bin/../lib/gcc/avr/4.6.2/../../../../avr/lib/avr5/crtm32.o
 .bss           0x0080007c        0x0 DIO.o
 .bss           0x0080007c        0x0 event_groups.o
 .bss           0x0080007c      0x329 heap_2.o
 .bss           0x008003a5        0x0 keypad_driver.o
 .bss           0x008003a5        0x0 LCD.o
 .bss           0x008003a5        0x0 list.o
 .bss           0x008003a5        0x0 message Queue.o
 .bss           0x008003a5        0x0 port.o
 .bss           0x008003a5        0x0 queue.o
 .bss           0x008003a5       0x6f tasks.o
                0x008003a5                pxCurrentTCB
 .bss           0x00800414        0x0 c:/program files (x86)/atmel/atmel studio 6.0/extensions/atmel/avrgcc/3.4.1.95/avrtoolchain/bin/../lib/gcc/avr/4.6.2/avr5\libgcc.a(_exit.o)
 .bss           0x00800414        0x0 c:/program files (x86)/atmel/atmel studio 6.0/extensions/atmel/avrgcc/3.4.1.95/avrtoolchain/bin/../lib/gcc/avr/4.6.2/avr5\libgcc.a(_copy_data.o)
 .bss           0x00800414        0x0 c:/program files (x86)/atmel/atmel studio 6.0/extensions/atmel/avrgcc/3.4.1.95/avrtoolchain/bin/../lib/gcc/avr/4.6.2/avr5\libgcc.a(_clear_bss.o)
 .bss           0x00800414        0x0 c:/program files (x86)/atmel/atmel studio 6.0/extensions/atmel/avrgcc/3.4.1.95/avrtoolchain/bin/../lib/gcc/avr/4.6.2/../../../../avr/lib/avr5\libc.a(memcpy.o)
 *(.bss*)
 *(COMMON)
 COMMON         0x00800414        0x2 message Queue.o
                0x00800414                my_queue
 COMMON         0x00800416       0x20 queue.o
                0x00800416                xQueueRegistry
                0x00800436                PROVIDE (__bss_end, .)
                0x00002ef2                __data_load_start = LOADADDR (.data)
                0x00002f0e                __data_load_end = (__data_load_start + SIZEOF (.data))

.noinit         0x00800436        0x0
                0x00800436                PROVIDE (__noinit_start, .)
 *(.noinit*)
                0x00800436                PROVIDE (__noinit_end, .)
                0x00800436                _end = .
                0x00800436                PROVIDE (__heap_start, .)

.eeprom         0x00810000        0x0
 *(.eeprom*)
                0x00810000                __eeprom_end = .

.fuse
 *(.fuse)
 *(.lfuse)
 *(.hfuse)
 *(.efuse)

.lock
 *(.lock*)

.signature
 *(.signature*)

.stab           0x00000000      0x750
 *(.stab)
 .stab          0x00000000      0x6cc c:/program files (x86)/atmel/atmel studio 6.0/extensions/atmel/avrgcc/3.4.1.95/avrtoolchain/bin/../lib/gcc/avr/4.6.2/../../../../avr/lib/avr5/crtm32.o
 .stab          0x000006cc       0x84 c:/program files (x86)/atmel/atmel studio 6.0/extensions/atmel/avrgcc/3.4.1.95/avrtoolchain/bin/../lib/gcc/avr/4.6.2/../../../../avr/lib/avr5\libc.a(memcpy.o)
                                 0x90 (size before relaxing)

.stabstr        0x00000000       0xe7
 *(.stabstr)
 .stabstr       0x00000000       0xe7 c:/program files (x86)/atmel/atmel studio 6.0/extensions/atmel/avrgcc/3.4.1.95/avrtoolchain/bin/../lib/gcc/avr/4.6.2/../../../../avr/lib/avr5/crtm32.o

.stab.excl
 *(.stab.excl)

.stab.exclstr
 *(.stab.exclstr)

.stab.index
 *(.stab.index)

.stab.indexstr
 *(.stab.indexstr)

.comment
 *(.comment)

.debug
 *(.debug)

.line
 *(.line)

.debug_srcinfo
 *(.debug_srcinfo)

.debug_sfnames
 *(.debug_sfnames)

.debug_aranges  0x00000000      0x1a0
 *(.debug_aranges)
 .debug_aranges
                0x00000000       0x20 DIO.o
 .debug_aranges
                0x00000020       0x20 event_groups.o
 .debug_aranges
                0x00000040       0x20 heap_2.o
 .debug_aranges
                0x00000060       0x20 keypad_driver.o
 .debug_aranges
                0x00000080       0x20 LCD.o
 .debug_aranges
                0x000000a0       0x20 list.o
 .debug_aranges
                0x000000c0       0x20 message Queue.o
 .debug_aranges
                0x000000e0       0x20 port.o
 .debug_aranges
                0x00000100       0x20 queue.o
 .debug_aranges
                0x00000120       0x20 tasks.o
 .debug_aranges
                0x00000140       0x20 c:/program files (x86)/atmel/atmel studio 6.0/extensions/atmel/avrgcc/3.4.1.95/avrtoolchain/bin/../lib/gcc/avr/4.6.2/avr5\libgcc.a(_exit.o)
 .debug_aranges
                0x00000160       0x20 c:/program files (x86)/atmel/atmel studio 6.0/extensions/atmel/avrgcc/3.4.1.95/avrtoolchain/bin/../lib/gcc/avr/4.6.2/avr5\libgcc.a(_copy_data.o)
 .debug_aranges
                0x00000180       0x20 c:/program files (x86)/atmel/atmel studio 6.0/extensions/atmel/avrgcc/3.4.1.95/avrtoolchain/bin/../lib/gcc/avr/4.6.2/avr5\libgcc.a(_clear_bss.o)

.debug_pubnames
 *(.debug_pubnames)

.debug_info     0x00000000     0x3b1b
 *(.debug_info)
 .debug_info    0x00000000      0x2dc DIO.o
 .debug_info    0x000002dc      0x661 event_groups.o
 .debug_info    0x0000093d      0x2db heap_2.o
 .debug_info    0x00000c18       0xc3 keypad_driver.o
 .debug_info    0x00000cdb      0x474 LCD.o
 .debug_info    0x0000114f      0x2b5 list.o
 .debug_info    0x00001404      0x128 message Queue.o
 .debug_info    0x0000152c      0x203 port.o
 .debug_info    0x0000172f      0xd27 queue.o
 .debug_info    0x00002456     0x142e tasks.o
 .debug_info    0x00003884       0xdd c:/program files (x86)/atmel/atmel studio 6.0/extensions/atmel/avrgcc/3.4.1.95/avrtoolchain/bin/../lib/gcc/avr/4.6.2/avr5\libgcc.a(_exit.o)
 .debug_info    0x00003961       0xdd c:/program files (x86)/atmel/atmel studio 6.0/extensions/atmel/avrgcc/3.4.1.95/avrtoolchain/bin/../lib/gcc/avr/4.6.2/avr5\libgcc.a(_copy_data.o)
 .debug_info    0x00003a3e       0xdd c:/program files (x86)/atmel/atmel studio 6.0/extensions/atmel/avrgcc/3.4.1.95/avrtoolchain/bin/../lib/gcc/avr/4.6.2/avr5\libgcc.a(_clear_bss.o)
 *(.gnu.linkonce.wi.*)

.debug_abbrev   0x00000000      0xdf1
 *(.debug_abbrev)
 .debug_abbrev  0x00000000       0xcf DIO.o
 .debug_abbrev  0x000000cf      0x183 event_groups.o
 .debug_abbrev  0x00000252      0x182 heap_2.o
 .debug_abbrev  0x000003d4       0x88 keypad_driver.o
 .debug_abbrev  0x0000045c      0x171 LCD.o
 .debug_abbrev  0x000005cd       0xed list.o
 .debug_abbrev  0x000006ba       0xc3 message Queue.o
 .debug_abbrev  0x0000077d      0x113 port.o
 .debug_abbrev  0x00000890      0x277 queue.o
 .debug_abbrev  0x00000b07      0x2ae tasks.o
 .debug_abbrev  0x00000db5       0x14 c:/program files (x86)/atmel/atmel studio 6.0/extensions/atmel/avrgcc/3.4.1.95/avrtoolchain/bin/../lib/gcc/avr/4.6.2/avr5\libgcc.a(_exit.o)
 .debug_abbrev  0x00000dc9       0x14 c:/program files (x86)/atmel/atmel studio 6.0/extensions/atmel/avrgcc/3.4.1.95/avrtoolchain/bin/../lib/gcc/avr/4.6.2/avr5\libgcc.a(_copy_data.o)
 .debug_abbrev  0x00000ddd       0x14 c:/program files (x86)/atmel/atmel studio 6.0/extensions/atmel/avrgcc/3.4.1.95/avrtoolchain/bin/../lib/gcc/avr/4.6.2/avr5\libgcc.a(_clear_bss.o)

.debug_line     0x00000000     0x1648
 *(.debug_line)
 .debug_line    0x00000000      0x14c DIO.o
 .debug_line    0x0000014c      0x1c7 event_groups.o
 .debug_line    0x00000313      0x1d0 heap_2.o
 .debug_line    0x000004e3       0x64 keypad_driver.o
 .debug_line    0x00000547      0x222 LCD.o
 .debug_line    0x00000769      0x11f list.o
 .debug_line    0x00000888      0x10e message Queue.o
 .debug_line    0x00000996      0x14b port.o
 .debug_line    0x00000ae1      0x389 queue.o
 .debug_line    0x00000e6a      0x637 tasks.o
 .debug_line    0x000014a1       0x88 c:/program files (x86)/atmel/atmel studio 6.0/extensions/atmel/avrgcc/3.4.1.95/avrtoolchain/bin/../lib/gcc/avr/4.6.2/avr5\libgcc.a(_exit.o)
 .debug_line    0x00001529       0x91 c:/program files (x86)/atmel/atmel studio 6.0/extensions/atmel/avrgcc/3.4.1.95/avrtoolchain/bin/../lib/gcc/avr/4.6.2/avr5\libgcc.a(_copy_data.o)
 .debug_line    0x000015ba       0x8e c:/program files (x86)/atmel/atmel studio 6.0/extensions/atmel/avrgcc/3.4.1.95/avrtoolchain/bin/../lib/gcc/avr/4.6.2/avr5\libgcc.a(_clear_bss.o)

.debug_frame    0x00000000      0xcb8
 *(.debug_frame)
 .debug_frame   0x00000000       0xb4 DIO.o
 .debug_frame   0x000000b4      0x168 event_groups.o
 .debug_frame   0x0000021c       0x7c heap_2.o
 .debug_frame   0x00000298       0x4c keypad_driver.o
 .debug_frame   0x000002e4       0x90 LCD.o
 .debug_frame   0x00000374       0x88 list.o
 .debug_frame   0x000003fc       0x64 message Queue.o
 .debug_frame   0x00000460       0x74 port.o
 .debug_frame   0x000004d4      0x2bc queue.o
 .debug_frame   0x00000790      0x528 tasks.o

.debug_str      0x00000000     0x1654
 *(.debug_str)
 .debug_str     0x00000000      0x18c DIO.o
                                0x1d5 (size before relaxing)
 .debug_str     0x0000018c      0x33d event_groups.o
                                0x447 (size before relaxing)
 .debug_str     0x000004c9      0x154 heap_2.o
                                0x242 (size before relaxing)
 .debug_str     0x0000061d       0x49 keypad_driver.o
                                 0xb8 (size before relaxing)
 .debug_str     0x00000666       0xc3 LCD.o
                                0x1a6 (size before relaxing)
 .debug_str     0x00000729       0x8e list.o
                                0x218 (size before relaxing)
 .debug_str     0x000007b7       0x38 message Queue.o
                                0x114 (size before relaxing)
 .debug_str     0x000007ef       0xf2 port.o
                                0x1eb (size before relaxing)
 .debug_str     0x000008e1      0x448 queue.o
                                0x643 (size before relaxing)
 .debug_str     0x00000d29      0x92b tasks.o
                                0xbbb (size before relaxing)

.debug_loc      0x00000000     0x455f
 *(.debug_loc)
 .debug_loc     0x00000000      0x593 DIO.o
 .debug_loc     0x00000593      0xaaa event_groups.o
 .debug_loc     0x0000103d      0x2ca heap_2.o
 .debug_loc     0x00001307      0x10e keypad_driver.o
 .debug_loc     0x00001415       0xef LCD.o
 .debug_loc     0x00001504      0x149 list.o
 .debug_loc     0x0000164d       0xc0 message Queue.o
 .debug_loc     0x0000170d      0x28e port.o
 .debug_loc     0x0000199b     0x10c9 queue.o
 .debug_loc     0x00002a64     0x1afb tasks.o

.debug_macinfo
 *(.debug_macinfo)
OUTPUT(message Queue.elf elf32-avr)
LOAD linker stubs

.debug_ranges   0x00000000      0x130
 .debug_ranges  0x00000000       0x78 queue.o
 .debug_ranges  0x00000078       0xb8 tasks.o
