Archive member included because of file (symbol)

c:/program files (x86)/atmel/atmel studio 6.0/extensions/atmel/avrgcc/3.4.1.95/avrtoolchain/bin/../lib/gcc/avr/4.6.2/avr5\libgcc.a(_exit.o)
                              c:/program files (x86)/atmel/atmel studio 6.0/extensions/atmel/avrgcc/3.4.1.95/avrtoolchain/bin/../lib/gcc/avr/4.6.2/../../../../avr/lib/avr5/crtm32.o (exit)
c:/program files (x86)/atmel/atmel studio 6.0/extensions/atmel/avrgcc/3.4.1.95/avrtoolchain/bin/../lib/gcc/avr/4.6.2/avr5\libgcc.a(_copy_data.o)
                              DIO.o (__do_copy_data)
c:/program files (x86)/atmel/atmel studio 6.0/extensions/atmel/avrgcc/3.4.1.95/avrtoolchain/bin/../lib/gcc/avr/4.6.2/avr5\libgcc.a(_clear_bss.o)
                              DIO.o (__do_clear_bss)
c:/program files (x86)/atmel/atmel studio 6.0/extensions/atmel/avrgcc/3.4.1.95/avrtoolchain/bin/../lib/gcc/avr/4.6.2/../../../../avr/lib/avr5\libc.a(memcpy.o)
                              queue.o (memcpy)

Allocating common symbols
Common symbol       size              file

xQueueRegistry      0x20              queue.o
my_sem              0x2               semaphore.o

Memory Configuration

Name             Origin             Length             Attributes
text             0x00000000         0x00020000         xr
data             0x00800060         0x0000ffa0         rw !x
eeprom           0x00810000         0x00010000         rw !x
fuse             0x00820000         0x00000400         rw !x
lock             0x00830000         0x00000400         rw !x
signature        0x00840000         0x00000400         rw !x
*default*        0x00000000         0xffffffff

Linker script and memory map

LOAD c:/program files (x86)/atmel/atmel studio 6.0/extensions/atmel/avrgcc/3.4.1.95/avrtoolchain/bin/../lib/gcc/avr/4.6.2/../../../../avr/lib/avr5/crtm32.o
LOAD DIO.o
LOAD event_groups.o
LOAD heap_2.o
LOAD list.o
LOAD port.o
LOAD queue.o
LOAD semaphore.o
LOAD tasks.o
START GROUP
LOAD c:/program files (x86)/atmel/atmel studio 6.0/extensions/atmel/avrgcc/3.4.1.95/avrtoolchain/bin/../lib/gcc/avr/4.6.2/../../../../avr/lib/avr5\libm.a
END GROUP
LOAD c:/program files (x86)/atmel/atmel studio 6.0/extensions/atmel/avrgcc/3.4.1.95/avrtoolchain/bin/../lib/gcc/avr/4.6.2/avr5\libgcc.a
LOAD c:/program files (x86)/atmel/atmel studio 6.0/extensions/atmel/avrgcc/3.4.1.95/avrtoolchain/bin/../lib/gcc/avr/4.6.2/../../../../avr/lib/avr5\libc.a
LOAD c:/program files (x86)/atmel/atmel studio 6.0/extensions/atmel/avrgcc/3.4.1.95/avrtoolchain/bin/../lib/gcc/avr/4.6.2/avr5\libgcc.a

.hash
 *(.hash)

.dynsym
 *(.dynsym)

.dynstr
 *(.dynstr)

.gnu.version
 *(.gnu.version)

.gnu.version_d
 *(.gnu.version_d)

.gnu.version_r
 *(.gnu.version_r)

.rel.init
 *(.rel.init)

.rela.init
 *(.rela.init)

.rel.text
 *(.rel.text)
 *(.rel.text.*)
 *(.rel.gnu.linkonce.t*)

.rela.text
 *(.rela.text)
 *(.rela.text.*)
 *(.rela.gnu.linkonce.t*)

.rel.fini
 *(.rel.fini)

.rela.fini
 *(.rela.fini)

.rel.rodata
 *(.rel.rodata)
 *(.rel.rodata.*)
 *(.rel.gnu.linkonce.r*)

.rela.rodata
 *(.rela.rodata)
 *(.rela.rodata.*)
 *(.rela.gnu.linkonce.r*)

.rel.data
 *(.rel.data)
 *(.rel.data.*)
 *(.rel.gnu.linkonce.d*)

.rela.data
 *(.rela.data)
 *(.rela.data.*)
 *(.rela.gnu.linkonce.d*)

.rel.ctors
 *(.rel.ctors)

.rela.ctors
 *(.rela.ctors)

.rel.dtors
 *(.rel.dtors)

.rela.dtors
 *(.rela.dtors)

.rel.got
 *(.rel.got)

.rela.got
 *(.rela.got)

.rel.bss
 *(.rel.bss)

.rela.bss
 *(.rela.bss)

.rel.plt
 *(.rel.plt)

.rela.plt
 *(.rela.plt)

.text           0x00000000     0x2ac6
 *(.vectors)
 .vectors       0x00000000       0x54 c:/program files (x86)/atmel/atmel studio 6.0/extensions/atmel/avrgcc/3.4.1.95/avrtoolchain/bin/../lib/gcc/avr/4.6.2/../../../../avr/lib/avr5/crtm32.o
                0x00000000                __vector_default
                0x00000000                __vectors
 *(.vectors)
 *(.progmem.gcc*)
 *(.progmem*)
                0x00000054                . = ALIGN (0x2)
                0x00000054                __trampolines_start = .
 *(.trampolines)
 .trampolines   0x00000054        0x0 linker stubs
 *(.trampolines*)
                0x00000054                __trampolines_end = .
 *(.jumptables)
 *(.jumptables*)
 *(.lowtext)
 *(.lowtext*)
                0x00000054                __ctors_start = .
 *(.ctors)
                0x00000054                __ctors_end = .
                0x00000054                __dtors_start = .
 *(.dtors)
                0x00000054                __dtors_end = .
 SORT(*)(.ctors)
 SORT(*)(.dtors)
 *(.init0)
 .init0         0x00000054        0x0 c:/program files (x86)/atmel/atmel studio 6.0/extensions/atmel/avrgcc/3.4.1.95/avrtoolchain/bin/../lib/gcc/avr/4.6.2/../../../../avr/lib/avr5/crtm32.o
                0x00000054                __init
 *(.init0)
 *(.init1)
 *(.init1)
 *(.init2)
 .init2         0x00000054        0xc c:/program files (x86)/atmel/atmel studio 6.0/extensions/atmel/avrgcc/3.4.1.95/avrtoolchain/bin/../lib/gcc/avr/4.6.2/../../../../avr/lib/avr5/crtm32.o
 *(.init2)
 *(.init3)
 *(.init3)
 *(.init4)
 .init4         0x00000060       0x16 c:/program files (x86)/atmel/atmel studio 6.0/extensions/atmel/avrgcc/3.4.1.95/avrtoolchain/bin/../lib/gcc/avr/4.6.2/avr5\libgcc.a(_copy_data.o)
                0x00000060                __do_copy_data
 .init4         0x00000076       0x10 c:/program files (x86)/atmel/atmel studio 6.0/extensions/atmel/avrgcc/3.4.1.95/avrtoolchain/bin/../lib/gcc/avr/4.6.2/avr5\libgcc.a(_clear_bss.o)
                0x00000076                __do_clear_bss
 *(.init4)
 *(.init5)
 *(.init5)
 *(.init6)
 *(.init6)
 *(.init7)
 *(.init7)
 *(.init8)
 *(.init8)
 *(.init9)
 .init9         0x00000086        0x8 c:/program files (x86)/atmel/atmel studio 6.0/extensions/atmel/avrgcc/3.4.1.95/avrtoolchain/bin/../lib/gcc/avr/4.6.2/../../../../avr/lib/avr5/crtm32.o
 *(.init9)
 *(.text)
 .text          0x0000008e        0x4 c:/program files (x86)/atmel/atmel studio 6.0/extensions/atmel/avrgcc/3.4.1.95/avrtoolchain/bin/../lib/gcc/avr/4.6.2/../../../../avr/lib/avr5/crtm32.o
                0x0000008e                __vector_12
                0x0000008e                __bad_interrupt
                0x0000008e                __vector_6
                0x0000008e                __vector_3
                0x0000008e                __vector_11
                0x0000008e                __vector_13
                0x0000008e                __vector_17
                0x0000008e                __vector_19
                0x0000008e                __vector_5
                0x0000008e                __vector_4
                0x0000008e                __vector_9
                0x0000008e                __vector_2
                0x0000008e                __vector_15
                0x0000008e                __vector_8
                0x0000008e                __vector_14
                0x0000008e                __vector_10
                0x0000008e                __vector_16
                0x0000008e                __vector_18
                0x0000008e                __vector_20
 .text          0x00000092      0x3e2 DIO.o
                0x00000092                DIO_vsetPINDir
                0x00000198                DIO_write
                0x0000029e                DIO_u8read
                0x00000354                DIO_toggle
                0x000003d4                DIO_write_port
                0x000003fc                dio_write_highnibble
                0x0000043c                clear_high_nibble
 .text          0x00000474      0x352 event_groups.o
                0x0000049a                xEventGroupCreate
                0x000004c2                xEventGroupWaitBits
                0x0000059a                xEventGroupClearBits
                0x000005b8                xEventGroupGetBitsFromISR
                0x000005c0                xEventGroupSetBits
                0x000006b6                xEventGroupSync
                0x00000784                vEventGroupDelete
                0x000007b6                vEventGroupSetBitsCallback
                0x000007be                vEventGroupClearBitsCallback
 .text          0x000007c6      0x1b2 heap_2.o
                0x000007c6                pvPortMalloc
                0x00000906                vPortFree
                0x0000096c                xPortGetFreeHeapSize
                0x00000976                vPortInitialiseBlocks
 .text          0x00000978      0x116 list.o
                0x00000978                vListInitialise
                0x00000994                vListInitialiseItem
                0x0000099c                vListInsertEnd
                0x000009da                vListInsert
                0x00000a3e                uxListRemove
 .text          0x00000a8e      0x2fe port.o
                0x00000a8e                pxPortInitialiseStack
                0x00000bae                xPortStartScheduler
                0x00000c18                vPortEndScheduler
                0x00000c1a                vPortYield
                0x00000ccc                vPortYieldFromTick
                0x00000d86                __vector_7
 .text          0x00000d8c      0x858 queue.o
                0x00000f44                xQueueGenericReset
                0x00000fd0                xQueueGenericCreate
                0x00001022                xQueueGenericSend
                0x0000116e                xQueueCreateMutex
                0x000011a4                xQueueGenericSendFromISR
                0x00001216                xQueueGiveFromISR
                0x00001268                xQueueGenericReceive
                0x00001402                xQueueReceiveFromISR
                0x00001470                xQueuePeekFromISR
                0x0000149e                uxQueueMessagesWaiting
                0x000014ae                uxQueueSpacesAvailable
                0x000014c2                uxQueueMessagesWaitingFromISR
                0x000014c8                xQueueIsQueueEmptyFromISR
                0x000014d4                xQueueIsQueueFullFromISR
                0x000014e2                vQueueAddToRegistry
                0x0000152e                pcQueueGetName
                0x0000157e                vQueueUnregisterQueue
                0x000015ce                vQueueDelete
 .text          0x000015e4       0xe0 semaphore.o
                0x000015e4                task1
                0x00001630                main
                0x00001670                __vector_1
 .text          0x000016c4     0x13ec tasks.o
                0x000017fa                xTaskCreate
                0x00001a3e                vTaskDelete
                0x00001ae2                uxTaskPriorityGet
                0x00001b00                uxTaskPriorityGetFromISR
                0x00001b14                vTaskPrioritySet
                0x00001c14                vTaskResume
                0x00001c9a                xTaskResumeFromISR
                0x00001d2c                vTaskStartScheduler
                0x00001d80                vTaskEndScheduler
                0x00001d8c                vTaskSuspendAll
                0x00001d98                xTaskGetTickCount
                0x00001dac                xTaskGetTickCountFromISR
                0x00001db6                uxTaskGetNumberOfTasks
                0x00001dbc                pcTaskGetName
                0x00001dcc                xTaskIncrementTick
                0x00001f16                xTaskResumeAll
                0x00002086                vTaskDelay
                0x000020ae                vTaskDelayUntil
                0x0000212c                vTaskSwitchContext
                0x000021e4                vTaskSuspend
                0x00002282                vTaskPlaceOnEventList
                0x000022a6                vTaskPlaceOnUnorderedEventList
                0x000022d8                xTaskRemoveFromEventList
                0x0000236e                xTaskRemoveFromUnorderedEventList
                0x000023e2                vTaskSetTimeOutState
                0x000023f8                xTaskCheckForTimeOut
                0x00002462                vTaskMissedYield
                0x0000246a                xTaskGetCurrentTaskHandle
                0x00002474                vTaskPriorityInherit
                0x00002530                xTaskPriorityDisinherit
                0x000025b2                uxTaskResetEventItemValue
                0x000025e2                pvTaskIncrementMutexHeldCount
                0x00002606                ulTaskNotifyTake
                0x000026bc                xTaskNotifyWait
                0x000027b4                xTaskGenericNotify
                0x000028ae                xTaskGenericNotifyFromISR
                0x000029ce                vTaskNotifyGiveFromISR
                0x00002a86                xTaskNotifyStateClear
 .text          0x00002ab0        0x0 c:/program files (x86)/atmel/atmel studio 6.0/extensions/atmel/avrgcc/3.4.1.95/avrtoolchain/bin/../lib/gcc/avr/4.6.2/avr5\libgcc.a(_exit.o)
 .text          0x00002ab0        0x0 c:/program files (x86)/atmel/atmel studio 6.0/extensions/atmel/avrgcc/3.4.1.95/avrtoolchain/bin/../lib/gcc/avr/4.6.2/avr5\libgcc.a(_copy_data.o)
 .text          0x00002ab0        0x0 c:/program files (x86)/atmel/atmel studio 6.0/extensions/atmel/avrgcc/3.4.1.95/avrtoolchain/bin/../lib/gcc/avr/4.6.2/avr5\libgcc.a(_clear_bss.o)
 .text          0x00002ab0        0x0 c:/program files (x86)/atmel/atmel studio 6.0/extensions/atmel/avrgcc/3.4.1.95/avrtoolchain/bin/../lib/gcc/avr/4.6.2/../../../../avr/lib/avr5\libc.a(memcpy.o)
                0x00002ab0                . = ALIGN (0x2)
 *(.text.*)
 .text.libgcc   0x00002ab0        0x0 c:/program files (x86)/atmel/atmel studio 6.0/extensions/atmel/avrgcc/3.4.1.95/avrtoolchain/bin/../lib/gcc/avr/4.6.2/avr5\libgcc.a(_exit.o)
 .text.libgcc   0x00002ab0        0x0 c:/program files (x86)/atmel/atmel studio 6.0/extensions/atmel/avrgcc/3.4.1.95/avrtoolchain/bin/../lib/gcc/avr/4.6.2/avr5\libgcc.a(_copy_data.o)
 .text.libgcc   0x00002ab0        0x0 c:/program files (x86)/atmel/atmel studio 6.0/extensions/atmel/avrgcc/3.4.1.95/avrtoolchain/bin/../lib/gcc/avr/4.6.2/avr5\libgcc.a(_clear_bss.o)
 .text.avr-libc
                0x00002ab0       0x12 c:/program files (x86)/atmel/atmel studio 6.0/extensions/atmel/avrgcc/3.4.1.95/avrtoolchain/bin/../lib/gcc/avr/4.6.2/../../../../avr/lib/avr5\libc.a(memcpy.o)
                0x00002ab0                memcpy
                0x00002ac2                . = ALIGN (0x2)
 *(.fini9)
 .fini9         0x00002ac2        0x0 c:/program files (x86)/atmel/atmel studio 6.0/extensions/atmel/avrgcc/3.4.1.95/avrtoolchain/bin/../lib/gcc/avr/4.6.2/avr5\libgcc.a(_exit.o)
                0x00002ac2                _exit
                0x00002ac2                exit
 *(.fini9)
 *(.fini8)
 *(.fini8)
 *(.fini7)
 *(.fini7)
 *(.fini6)
 *(.fini6)
 *(.fini5)
 *(.fini5)
 *(.fini4)
 *(.fini4)
 *(.fini3)
 *(.fini3)
 *(.fini2)
 *(.fini2)
 *(.fini1)
 *(.fini1)
 *(.fini0)
 .fini0         0x00002ac2        0x4 c:/program files (x86)/atmel/atmel studio 6.0/extensions/atmel/avrgcc/3.4.1.95/avrtoolchain/bin/../lib/gcc/avr/4.6.2/avr5\libgcc.a(_exit.o)
 *(.fini0)
                0x00002ac6                _etext = .

.data           0x00800060        0xa load address 0x00002ac6
                0x00800060                PROVIDE (__data_start, .)
 *(.data)
 .data          0x00800060        0x0 c:/program files (x86)/atmel/atmel studio 6.0/extensions/atmel/avrgcc/3.4.1.95/avrtoolchain/bin/../lib/gcc/avr/4.6.2/../../../../avr/lib/avr5/crtm32.o
 .data          0x00800060        0x0 DIO.o
 .data          0x00800060        0x0 event_groups.o
 .data          0x00800060        0x2 heap_2.o
 .data          0x00800062        0x0 list.o
 .data          0x00800062        0x0 port.o
 .data          0x00800062        0x0 queue.o
 .data          0x00800062        0x2 semaphore.o
 .data          0x00800064        0x5 tasks.o
 .data          0x00800069        0x0 c:/program files (x86)/atmel/atmel studio 6.0/extensions/atmel/avrgcc/3.4.1.95/avrtoolchain/bin/../lib/gcc/avr/4.6.2/avr5\libgcc.a(_exit.o)
 .data          0x00800069        0x0 c:/program files (x86)/atmel/atmel studio 6.0/extensions/atmel/avrgcc/3.4.1.95/avrtoolchain/bin/../lib/gcc/avr/4.6.2/avr5\libgcc.a(_copy_data.o)
 .data          0x00800069        0x0 c:/program files (x86)/atmel/atmel studio 6.0/extensions/atmel/avrgcc/3.4.1.95/avrtoolchain/bin/../lib/gcc/avr/4.6.2/avr5\libgcc.a(_clear_bss.o)
 .data          0x00800069        0x0 c:/program files (x86)/atmel/atmel studio 6.0/extensions/atmel/avrgcc/3.4.1.95/avrtoolchain/bin/../lib/gcc/avr/4.6.2/../../../../avr/lib/avr5\libc.a(memcpy.o)
 *(.data*)
 *(.rodata)
 *(.rodata*)
 *(.gnu.linkonce.d*)
                0x0080006a                . = ALIGN (0x2)
 *fill*         0x00800069        0x1 00
                0x0080006a                _edata = .
                0x0080006a                PROVIDE (__data_end, .)

.bss            0x0080006a      0x3ba
                0x0080006a                PROVIDE (__bss_start, .)
 *(.bss)
 .bss           0x0080006a        0x0 c:/program files (x86)/atmel/atmel studio 6.0/extensions/atmel/avrgcc/3.4.1.95/avrtoolchain/bin/../lib/gcc/avr/4.6.2/../../../../avr/lib/avr5/crtm32.o
 .bss           0x0080006a        0x0 DIO.o
 .bss           0x0080006a        0x0 event_groups.o
 .bss           0x0080006a      0x329 heap_2.o
 .bss           0x00800393        0x0 list.o
 .bss           0x00800393        0x0 port.o
 .bss           0x00800393        0x0 queue.o
 .bss           0x00800393        0x0 semaphore.o
 .bss           0x00800393       0x6f tasks.o
                0x00800393                pxCurrentTCB
 .bss           0x00800402        0x0 c:/program files (x86)/atmel/atmel studio 6.0/extensions/atmel/avrgcc/3.4.1.95/avrtoolchain/bin/../lib/gcc/avr/4.6.2/avr5\libgcc.a(_exit.o)
 .bss           0x00800402        0x0 c:/program files (x86)/atmel/atmel studio 6.0/extensions/atmel/avrgcc/3.4.1.95/avrtoolchain/bin/../lib/gcc/avr/4.6.2/avr5\libgcc.a(_copy_data.o)
 .bss           0x00800402        0x0 c:/program files (x86)/atmel/atmel studio 6.0/extensions/atmel/avrgcc/3.4.1.95/avrtoolchain/bin/../lib/gcc/avr/4.6.2/avr5\libgcc.a(_clear_bss.o)
 .bss           0x00800402        0x0 c:/program files (x86)/atmel/atmel studio 6.0/extensions/atmel/avrgcc/3.4.1.95/avrtoolchain/bin/../lib/gcc/avr/4.6.2/../../../../avr/lib/avr5\libc.a(memcpy.o)
 *(.bss*)
 *(COMMON)
 COMMON         0x00800402       0x20 queue.o
                0x00800402                xQueueRegistry
 COMMON         0x00800422        0x2 semaphore.o
                0x00800422                my_sem
                0x00800424                PROVIDE (__bss_end, .)
                0x00002ac6                __data_load_start = LOADADDR (.data)
                0x00002ad0                __data_load_end = (__data_load_start + SIZEOF (.data))

.noinit         0x00800424        0x0
                0x00800424                PROVIDE (__noinit_start, .)
 *(.noinit*)
                0x00800424                PROVIDE (__noinit_end, .)
                0x00800424                _end = .
                0x00800424                PROVIDE (__heap_start, .)

.eeprom         0x00810000        0x0
 *(.eeprom*)
                0x00810000                __eeprom_end = .

.fuse
 *(.fuse)
 *(.lfuse)
 *(.hfuse)
 *(.efuse)

.lock
 *(.lock*)

.signature
 *(.signature*)

.stab           0x00000000      0x750
 *(.stab)
 .stab          0x00000000      0x6cc c:/program files (x86)/atmel/atmel studio 6.0/extensions/atmel/avrgcc/3.4.1.95/avrtoolchain/bin/../lib/gcc/avr/4.6.2/../../../../avr/lib/avr5/crtm32.o
 .stab          0x000006cc       0x84 c:/program files (x86)/atmel/atmel studio 6.0/extensions/atmel/avrgcc/3.4.1.95/avrtoolchain/bin/../lib/gcc/avr/4.6.2/../../../../avr/lib/avr5\libc.a(memcpy.o)
                                 0x90 (size before relaxing)

.stabstr        0x00000000       0xe7
 *(.stabstr)
 .stabstr       0x00000000       0xe7 c:/program files (x86)/atmel/atmel studio 6.0/extensions/atmel/avrgcc/3.4.1.95/avrtoolchain/bin/../lib/gcc/avr/4.6.2/../../../../avr/lib/avr5/crtm32.o

.stab.excl
 *(.stab.excl)

.stab.exclstr
 *(.stab.exclstr)

.stab.index
 *(.stab.index)

.stab.indexstr
 *(.stab.indexstr)

.comment
 *(.comment)

.debug
 *(.debug)

.line
 *(.line)

.debug_srcinfo
 *(.debug_srcinfo)

.debug_sfnames
 *(.debug_sfnames)

.debug_aranges  0x00000000      0x160
 *(.debug_aranges)
 .debug_aranges
                0x00000000       0x20 DIO.o
 .debug_aranges
                0x00000020       0x20 event_groups.o
 .debug_aranges
                0x00000040       0x20 heap_2.o
 .debug_aranges
                0x00000060       0x20 list.o
 .debug_aranges
                0x00000080       0x20 port.o
 .debug_aranges
                0x000000a0       0x20 queue.o
 .debug_aranges
                0x000000c0       0x20 semaphore.o
 .debug_aranges
                0x000000e0       0x20 tasks.o
 .debug_aranges
                0x00000100       0x20 c:/program files (x86)/atmel/atmel studio 6.0/extensions/atmel/avrgcc/3.4.1.95/avrtoolchain/bin/../lib/gcc/avr/4.6.2/avr5\libgcc.a(_exit.o)
 .debug_aranges
                0x00000120       0x20 c:/program files (x86)/atmel/atmel studio 6.0/extensions/atmel/avrgcc/3.4.1.95/avrtoolchain/bin/../lib/gcc/avr/4.6.2/avr5\libgcc.a(_copy_data.o)
 .debug_aranges
                0x00000140       0x20 c:/program files (x86)/atmel/atmel studio 6.0/extensions/atmel/avrgcc/3.4.1.95/avrtoolchain/bin/../lib/gcc/avr/4.6.2/avr5\libgcc.a(_clear_bss.o)

.debug_pubnames
 *(.debug_pubnames)

.debug_info     0x00000000     0x35bc
 *(.debug_info)
 .debug_info    0x00000000      0x20e DIO.o
 .debug_info    0x0000020e      0x661 event_groups.o
 .debug_info    0x0000086f      0x2db heap_2.o
 .debug_info    0x00000b4a      0x2b5 list.o
 .debug_info    0x00000dff      0x203 port.o
 .debug_info    0x00001002      0xd27 queue.o
 .debug_info    0x00001d29      0x1ce semaphore.o
 .debug_info    0x00001ef7     0x142e tasks.o
 .debug_info    0x00003325       0xdd c:/program files (x86)/atmel/atmel studio 6.0/extensions/atmel/avrgcc/3.4.1.95/avrtoolchain/bin/../lib/gcc/avr/4.6.2/avr5\libgcc.a(_exit.o)
 .debug_info    0x00003402       0xdd c:/program files (x86)/atmel/atmel studio 6.0/extensions/atmel/avrgcc/3.4.1.95/avrtoolchain/bin/../lib/gcc/avr/4.6.2/avr5\libgcc.a(_copy_data.o)
 .debug_info    0x000034df       0xdd c:/program files (x86)/atmel/atmel studio 6.0/extensions/atmel/avrgcc/3.4.1.95/avrtoolchain/bin/../lib/gcc/avr/4.6.2/avr5\libgcc.a(_clear_bss.o)
 *(.gnu.linkonce.wi.*)

.debug_abbrev   0x00000000      0xc4d
 *(.debug_abbrev)
 .debug_abbrev  0x00000000       0xa9 DIO.o
 .debug_abbrev  0x000000a9      0x183 event_groups.o
 .debug_abbrev  0x0000022c      0x182 heap_2.o
 .debug_abbrev  0x000003ae       0xed list.o
 .debug_abbrev  0x0000049b      0x113 port.o
 .debug_abbrev  0x000005ae      0x277 queue.o
 .debug_abbrev  0x00000825      0x13e semaphore.o
 .debug_abbrev  0x00000963      0x2ae tasks.o
 .debug_abbrev  0x00000c11       0x14 c:/program files (x86)/atmel/atmel studio 6.0/extensions/atmel/avrgcc/3.4.1.95/avrtoolchain/bin/../lib/gcc/avr/4.6.2/avr5\libgcc.a(_exit.o)
 .debug_abbrev  0x00000c25       0x14 c:/program files (x86)/atmel/atmel studio 6.0/extensions/atmel/avrgcc/3.4.1.95/avrtoolchain/bin/../lib/gcc/avr/4.6.2/avr5\libgcc.a(_copy_data.o)
 .debug_abbrev  0x00000c39       0x14 c:/program files (x86)/atmel/atmel studio 6.0/extensions/atmel/avrgcc/3.4.1.95/avrtoolchain/bin/../lib/gcc/avr/4.6.2/avr5\libgcc.a(_clear_bss.o)

.debug_line     0x00000000     0x143d
 *(.debug_line)
 .debug_line    0x00000000      0x11f DIO.o
 .debug_line    0x0000011f      0x1c7 event_groups.o
 .debug_line    0x000002e6      0x1d0 heap_2.o
 .debug_line    0x000004b6      0x11f list.o
 .debug_line    0x000005d5      0x14b port.o
 .debug_line    0x00000720      0x389 queue.o
 .debug_line    0x00000aa9      0x1b6 semaphore.o
 .debug_line    0x00000c5f      0x637 tasks.o
 .debug_line    0x00001296       0x88 c:/program files (x86)/atmel/atmel studio 6.0/extensions/atmel/avrgcc/3.4.1.95/avrtoolchain/bin/../lib/gcc/avr/4.6.2/avr5\libgcc.a(_exit.o)
 .debug_line    0x0000131e       0x91 c:/program files (x86)/atmel/atmel studio 6.0/extensions/atmel/avrgcc/3.4.1.95/avrtoolchain/bin/../lib/gcc/avr/4.6.2/avr5\libgcc.a(_copy_data.o)
 .debug_line    0x000013af       0x8e c:/program files (x86)/atmel/atmel studio 6.0/extensions/atmel/avrgcc/3.4.1.95/avrtoolchain/bin/../lib/gcc/avr/4.6.2/avr5\libgcc.a(_clear_bss.o)

.debug_frame    0x00000000      0xbd4
 *(.debug_frame)
 .debug_frame   0x00000000       0x84 DIO.o
 .debug_frame   0x00000084      0x168 event_groups.o
 .debug_frame   0x000001ec       0x7c heap_2.o
 .debug_frame   0x00000268       0x88 list.o
 .debug_frame   0x000002f0       0x74 port.o
 .debug_frame   0x00000364      0x2bc queue.o
 .debug_frame   0x00000620       0x8c semaphore.o
 .debug_frame   0x000006ac      0x528 tasks.o

.debug_str      0x00000000     0x154f
 *(.debug_str)
 .debug_str     0x00000000      0x133 DIO.o
                                0x172 (size before relaxing)
 .debug_str     0x00000133      0x33d event_groups.o
                                0x43f (size before relaxing)
 .debug_str     0x00000470      0x154 heap_2.o
                                0x23a (size before relaxing)
 .debug_str     0x000005c4       0x8e list.o
                                0x210 (size before relaxing)
 .debug_str     0x00000652       0xf2 port.o
                                0x1e3 (size before relaxing)
 .debug_str     0x00000744      0x456 queue.o
                                0x63b (size before relaxing)
 .debug_str     0x00000b9a       0x8a semaphore.o
                                0x195 (size before relaxing)
 .debug_str     0x00000c24      0x92b tasks.o
                                0xbb3 (size before relaxing)

.debug_loc      0x00000000     0x41b1
 *(.debug_loc)
 .debug_loc     0x00000000      0x3ac DIO.o
 .debug_loc     0x000003ac      0xaaa event_groups.o
 .debug_loc     0x00000e56      0x2ca heap_2.o
 .debug_loc     0x00001120      0x149 list.o
 .debug_loc     0x00001269      0x28e port.o
 .debug_loc     0x000014f7     0x10c9 queue.o
 .debug_loc     0x000025c0       0xf6 semaphore.o
 .debug_loc     0x000026b6     0x1afb tasks.o

.debug_macinfo
 *(.debug_macinfo)
OUTPUT(semaphore.elf elf32-avr)
LOAD linker stubs

.debug_ranges   0x00000000      0x130
 .debug_ranges  0x00000000       0x78 queue.o
 .debug_ranges  0x00000078       0xb8 tasks.o
