Archive member included because of file (symbol)

c:/program files (x86)/atmel/atmel studio 6.0/extensions/atmel/avrgcc/3.4.1.95/avrtoolchain/bin/../lib/gcc/avr/4.6.2/avr5\libgcc.a(_exit.o)
                              c:/program files (x86)/atmel/atmel studio 6.0/extensions/atmel/avrgcc/3.4.1.95/avrtoolchain/bin/../lib/gcc/avr/4.6.2/../../../../avr/lib/avr5/crtm32.o (exit)
c:/program files (x86)/atmel/atmel studio 6.0/extensions/atmel/avrgcc/3.4.1.95/avrtoolchain/bin/../lib/gcc/avr/4.6.2/avr5\libgcc.a(_copy_data.o)
                              DIO.o (__do_copy_data)
c:/program files (x86)/atmel/atmel studio 6.0/extensions/atmel/avrgcc/3.4.1.95/avrtoolchain/bin/../lib/gcc/avr/4.6.2/avr5\libgcc.a(_clear_bss.o)
                              DIO.o (__do_clear_bss)
c:/program files (x86)/atmel/atmel studio 6.0/extensions/atmel/avrgcc/3.4.1.95/avrtoolchain/bin/../lib/gcc/avr/4.6.2/../../../../avr/lib/avr5\libc.a(memcpy.o)
                              queue.o (memcpy)

Allocating common symbols
Common symbol       size              file

x                   0x2               mutex.o
xQueueRegistry      0x20              queue.o
my_mutex            0x2               mutex.o
y                   0x2               mutex.o

Memory Configuration

Name             Origin             Length             Attributes
text             0x00000000         0x00020000         xr
data             0x00800060         0x0000ffa0         rw !x
eeprom           0x00810000         0x00010000         rw !x
fuse             0x00820000         0x00000400         rw !x
lock             0x00830000         0x00000400         rw !x
signature        0x00840000         0x00000400         rw !x
*default*        0x00000000         0xffffffff

Linker script and memory map

LOAD c:/program files (x86)/atmel/atmel studio 6.0/extensions/atmel/avrgcc/3.4.1.95/avrtoolchain/bin/../lib/gcc/avr/4.6.2/../../../../avr/lib/avr5/crtm32.o
LOAD DIO.o
LOAD event_groups.o
LOAD heap_2.o
LOAD list.o
LOAD mutex.o
LOAD port.o
LOAD queue.o
LOAD tasks.o
START GROUP
LOAD c:/program files (x86)/atmel/atmel studio 6.0/extensions/atmel/avrgcc/3.4.1.95/avrtoolchain/bin/../lib/gcc/avr/4.6.2/../../../../avr/lib/avr5\libm.a
END GROUP
LOAD c:/program files (x86)/atmel/atmel studio 6.0/extensions/atmel/avrgcc/3.4.1.95/avrtoolchain/bin/../lib/gcc/avr/4.6.2/avr5\libgcc.a
LOAD c:/program files (x86)/atmel/atmel studio 6.0/extensions/atmel/avrgcc/3.4.1.95/avrtoolchain/bin/../lib/gcc/avr/4.6.2/../../../../avr/lib/avr5\libc.a
LOAD c:/program files (x86)/atmel/atmel studio 6.0/extensions/atmel/avrgcc/3.4.1.95/avrtoolchain/bin/../lib/gcc/avr/4.6.2/avr5\libgcc.a

.hash
 *(.hash)

.dynsym
 *(.dynsym)

.dynstr
 *(.dynstr)

.gnu.version
 *(.gnu.version)

.gnu.version_d
 *(.gnu.version_d)

.gnu.version_r
 *(.gnu.version_r)

.rel.init
 *(.rel.init)

.rela.init
 *(.rela.init)

.rel.text
 *(.rel.text)
 *(.rel.text.*)
 *(.rel.gnu.linkonce.t*)

.rela.text
 *(.rela.text)
 *(.rela.text.*)
 *(.rela.gnu.linkonce.t*)

.rel.fini
 *(.rel.fini)

.rela.fini
 *(.rela.fini)

.rel.rodata
 *(.rel.rodata)
 *(.rel.rodata.*)
 *(.rel.gnu.linkonce.r*)

.rela.rodata
 *(.rela.rodata)
 *(.rela.rodata.*)
 *(.rela.gnu.linkonce.r*)

.rel.data
 *(.rel.data)
 *(.rel.data.*)
 *(.rel.gnu.linkonce.d*)

.rela.data
 *(.rela.data)
 *(.rela.data.*)
 *(.rela.gnu.linkonce.d*)

.rel.ctors
 *(.rel.ctors)

.rela.ctors
 *(.rela.ctors)

.rel.dtors
 *(.rel.dtors)

.rela.dtors
 *(.rela.dtors)

.rel.got
 *(.rel.got)

.rela.got
 *(.rela.got)

.rel.bss
 *(.rel.bss)

.rela.bss
 *(.rela.bss)

.rel.plt
 *(.rel.plt)

.rela.plt
 *(.rela.plt)

.text           0x00000000     0x2acc
 *(.vectors)
 .vectors       0x00000000       0x54 c:/program files (x86)/atmel/atmel studio 6.0/extensions/atmel/avrgcc/3.4.1.95/avrtoolchain/bin/../lib/gcc/avr/4.6.2/../../../../avr/lib/avr5/crtm32.o
                0x00000000                __vector_default
                0x00000000                __vectors
 *(.vectors)
 *(.progmem.gcc*)
 *(.progmem*)
                0x00000054                . = ALIGN (0x2)
                0x00000054                __trampolines_start = .
 *(.trampolines)
 .trampolines   0x00000054        0x0 linker stubs
 *(.trampolines*)
                0x00000054                __trampolines_end = .
 *(.jumptables)
 *(.jumptables*)
 *(.lowtext)
 *(.lowtext*)
                0x00000054                __ctors_start = .
 *(.ctors)
                0x00000054                __ctors_end = .
                0x00000054                __dtors_start = .
 *(.dtors)
                0x00000054                __dtors_end = .
 SORT(*)(.ctors)
 SORT(*)(.dtors)
 *(.init0)
 .init0         0x00000054        0x0 c:/program files (x86)/atmel/atmel studio 6.0/extensions/atmel/avrgcc/3.4.1.95/avrtoolchain/bin/../lib/gcc/avr/4.6.2/../../../../avr/lib/avr5/crtm32.o
                0x00000054                __init
 *(.init0)
 *(.init1)
 *(.init1)
 *(.init2)
 .init2         0x00000054        0xc c:/program files (x86)/atmel/atmel studio 6.0/extensions/atmel/avrgcc/3.4.1.95/avrtoolchain/bin/../lib/gcc/avr/4.6.2/../../../../avr/lib/avr5/crtm32.o
 *(.init2)
 *(.init3)
 *(.init3)
 *(.init4)
 .init4         0x00000060       0x16 c:/program files (x86)/atmel/atmel studio 6.0/extensions/atmel/avrgcc/3.4.1.95/avrtoolchain/bin/../lib/gcc/avr/4.6.2/avr5\libgcc.a(_copy_data.o)
                0x00000060                __do_copy_data
 .init4         0x00000076       0x10 c:/program files (x86)/atmel/atmel studio 6.0/extensions/atmel/avrgcc/3.4.1.95/avrtoolchain/bin/../lib/gcc/avr/4.6.2/avr5\libgcc.a(_clear_bss.o)
                0x00000076                __do_clear_bss
 *(.init4)
 *(.init5)
 *(.init5)
 *(.init6)
 *(.init6)
 *(.init7)
 *(.init7)
 *(.init8)
 *(.init8)
 *(.init9)
 .init9         0x00000086        0x8 c:/program files (x86)/atmel/atmel studio 6.0/extensions/atmel/avrgcc/3.4.1.95/avrtoolchain/bin/../lib/gcc/avr/4.6.2/../../../../avr/lib/avr5/crtm32.o
 *(.init9)
 *(.text)
 .text          0x0000008e        0x4 c:/program files (x86)/atmel/atmel studio 6.0/extensions/atmel/avrgcc/3.4.1.95/avrtoolchain/bin/../lib/gcc/avr/4.6.2/../../../../avr/lib/avr5/crtm32.o
                0x0000008e                __vector_1
                0x0000008e                __vector_12
                0x0000008e                __bad_interrupt
                0x0000008e                __vector_6
                0x0000008e                __vector_3
                0x0000008e                __vector_11
                0x0000008e                __vector_13
                0x0000008e                __vector_17
                0x0000008e                __vector_19
                0x0000008e                __vector_5
                0x0000008e                __vector_4
                0x0000008e                __vector_9
                0x0000008e                __vector_2
                0x0000008e                __vector_15
                0x0000008e                __vector_8
                0x0000008e                __vector_14
                0x0000008e                __vector_10
                0x0000008e                __vector_16
                0x0000008e                __vector_18
                0x0000008e                __vector_20
 .text          0x00000092      0x3e2 DIO.o
                0x00000092                DIO_vsetPINDir
                0x00000198                DIO_write
                0x0000029e                DIO_u8read
                0x00000354                DIO_toggle
                0x000003d4                DIO_write_port
                0x000003fc                dio_write_highnibble
                0x0000043c                clear_high_nibble
 .text          0x00000474      0x352 event_groups.o
                0x0000049a                xEventGroupCreate
                0x000004c2                xEventGroupWaitBits
                0x0000059a                xEventGroupClearBits
                0x000005b8                xEventGroupGetBitsFromISR
                0x000005c0                xEventGroupSetBits
                0x000006b6                xEventGroupSync
                0x00000784                vEventGroupDelete
                0x000007b6                vEventGroupSetBitsCallback
                0x000007be                vEventGroupClearBitsCallback
 .text          0x000007c6      0x1b2 heap_2.o
                0x000007c6                pvPortMalloc
                0x00000906                vPortFree
                0x0000096c                xPortGetFreeHeapSize
                0x00000976                vPortInitialiseBlocks
 .text          0x00000978      0x116 list.o
                0x00000978                vListInitialise
                0x00000994                vListInitialiseItem
                0x0000099c                vListInsertEnd
                0x000009da                vListInsert
                0x00000a3e                uxListRemove
 .text          0x00000a8e       0xe6 mutex.o
                0x00000a8e                task2
                0x00000adc                task1
                0x00000b30                main
 .text          0x00000b74      0x2fe port.o
                0x00000b74                pxPortInitialiseStack
                0x00000c94                xPortStartScheduler
                0x00000cfe                vPortEndScheduler
                0x00000d00                vPortYield
                0x00000db2                vPortYieldFromTick
                0x00000e6c                __vector_7
 .text          0x00000e72      0x858 queue.o
                0x0000102a                xQueueGenericReset
                0x000010b6                xQueueGenericCreate
                0x00001108                xQueueGenericSend
                0x00001254                xQueueCreateMutex
                0x0000128a                xQueueGenericSendFromISR
                0x000012fc                xQueueGiveFromISR
                0x0000134e                xQueueGenericReceive
                0x000014e8                xQueueReceiveFromISR
                0x00001556                xQueuePeekFromISR
                0x00001584                uxQueueMessagesWaiting
                0x00001594                uxQueueSpacesAvailable
                0x000015a8                uxQueueMessagesWaitingFromISR
                0x000015ae                xQueueIsQueueEmptyFromISR
                0x000015ba                xQueueIsQueueFullFromISR
                0x000015c8                vQueueAddToRegistry
                0x00001614                pcQueueGetName
                0x00001664                vQueueUnregisterQueue
                0x000016b4                vQueueDelete
 .text          0x000016ca     0x13ec tasks.o
                0x00001800                xTaskCreate
                0x00001a44                vTaskDelete
                0x00001ae8                uxTaskPriorityGet
                0x00001b06                uxTaskPriorityGetFromISR
                0x00001b1a                vTaskPrioritySet
                0x00001c1a                vTaskResume
                0x00001ca0                xTaskResumeFromISR
                0x00001d32                vTaskStartScheduler
                0x00001d86                vTaskEndScheduler
                0x00001d92                vTaskSuspendAll
                0x00001d9e                xTaskGetTickCount
                0x00001db2                xTaskGetTickCountFromISR
                0x00001dbc                uxTaskGetNumberOfTasks
                0x00001dc2                pcTaskGetName
                0x00001dd2                xTaskIncrementTick
                0x00001f1c                xTaskResumeAll
                0x0000208c                vTaskDelay
                0x000020b4                vTaskDelayUntil
                0x00002132                vTaskSwitchContext
                0x000021ea                vTaskSuspend
                0x00002288                vTaskPlaceOnEventList
                0x000022ac                vTaskPlaceOnUnorderedEventList
                0x000022de                xTaskRemoveFromEventList
                0x00002374                xTaskRemoveFromUnorderedEventList
                0x000023e8                vTaskSetTimeOutState
                0x000023fe                xTaskCheckForTimeOut
                0x00002468                vTaskMissedYield
                0x00002470                xTaskGetCurrentTaskHandle
                0x0000247a                vTaskPriorityInherit
                0x00002536                xTaskPriorityDisinherit
                0x000025b8                uxTaskResetEventItemValue
                0x000025e8                pvTaskIncrementMutexHeldCount
                0x0000260c                ulTaskNotifyTake
                0x000026c2                xTaskNotifyWait
                0x000027ba                xTaskGenericNotify
                0x000028b4                xTaskGenericNotifyFromISR
                0x000029d4                vTaskNotifyGiveFromISR
                0x00002a8c                xTaskNotifyStateClear
 .text          0x00002ab6        0x0 c:/program files (x86)/atmel/atmel studio 6.0/extensions/atmel/avrgcc/3.4.1.95/avrtoolchain/bin/../lib/gcc/avr/4.6.2/avr5\libgcc.a(_exit.o)
 .text          0x00002ab6        0x0 c:/program files (x86)/atmel/atmel studio 6.0/extensions/atmel/avrgcc/3.4.1.95/avrtoolchain/bin/../lib/gcc/avr/4.6.2/avr5\libgcc.a(_copy_data.o)
 .text          0x00002ab6        0x0 c:/program files (x86)/atmel/atmel studio 6.0/extensions/atmel/avrgcc/3.4.1.95/avrtoolchain/bin/../lib/gcc/avr/4.6.2/avr5\libgcc.a(_clear_bss.o)
 .text          0x00002ab6        0x0 c:/program files (x86)/atmel/atmel studio 6.0/extensions/atmel/avrgcc/3.4.1.95/avrtoolchain/bin/../lib/gcc/avr/4.6.2/../../../../avr/lib/avr5\libc.a(memcpy.o)
                0x00002ab6                . = ALIGN (0x2)
 *(.text.*)
 .text.libgcc   0x00002ab6        0x0 c:/program files (x86)/atmel/atmel studio 6.0/extensions/atmel/avrgcc/3.4.1.95/avrtoolchain/bin/../lib/gcc/avr/4.6.2/avr5\libgcc.a(_exit.o)
 .text.libgcc   0x00002ab6        0x0 c:/program files (x86)/atmel/atmel studio 6.0/extensions/atmel/avrgcc/3.4.1.95/avrtoolchain/bin/../lib/gcc/avr/4.6.2/avr5\libgcc.a(_copy_data.o)
 .text.libgcc   0x00002ab6        0x0 c:/program files (x86)/atmel/atmel studio 6.0/extensions/atmel/avrgcc/3.4.1.95/avrtoolchain/bin/../lib/gcc/avr/4.6.2/avr5\libgcc.a(_clear_bss.o)
 .text.avr-libc
                0x00002ab6       0x12 c:/program files (x86)/atmel/atmel studio 6.0/extensions/atmel/avrgcc/3.4.1.95/avrtoolchain/bin/../lib/gcc/avr/4.6.2/../../../../avr/lib/avr5\libc.a(memcpy.o)
                0x00002ab6                memcpy
                0x00002ac8                . = ALIGN (0x2)
 *(.fini9)
 .fini9         0x00002ac8        0x0 c:/program files (x86)/atmel/atmel studio 6.0/extensions/atmel/avrgcc/3.4.1.95/avrtoolchain/bin/../lib/gcc/avr/4.6.2/avr5\libgcc.a(_exit.o)
                0x00002ac8                _exit
                0x00002ac8                exit
 *(.fini9)
 *(.fini8)
 *(.fini8)
 *(.fini7)
 *(.fini7)
 *(.fini6)
 *(.fini6)
 *(.fini5)
 *(.fini5)
 *(.fini4)
 *(.fini4)
 *(.fini3)
 *(.fini3)
 *(.fini2)
 *(.fini2)
 *(.fini1)
 *(.fini1)
 *(.fini0)
 .fini0         0x00002ac8        0x4 c:/program files (x86)/atmel/atmel studio 6.0/extensions/atmel/avrgcc/3.4.1.95/avrtoolchain/bin/../lib/gcc/avr/4.6.2/avr5\libgcc.a(_exit.o)
 *(.fini0)
                0x00002acc                _etext = .

.data           0x00800060        0xc load address 0x00002acc
                0x00800060                PROVIDE (__data_start, .)
 *(.data)
 .data          0x00800060        0x0 c:/program files (x86)/atmel/atmel studio 6.0/extensions/atmel/avrgcc/3.4.1.95/avrtoolchain/bin/../lib/gcc/avr/4.6.2/../../../../avr/lib/avr5/crtm32.o
 .data          0x00800060        0x0 DIO.o
 .data          0x00800060        0x0 event_groups.o
 .data          0x00800060        0x2 heap_2.o
 .data          0x00800062        0x0 list.o
 .data          0x00800062        0x4 mutex.o
 .data          0x00800066        0x0 port.o
 .data          0x00800066        0x0 queue.o
 .data          0x00800066        0x5 tasks.o
 .data          0x0080006b        0x0 c:/program files (x86)/atmel/atmel studio 6.0/extensions/atmel/avrgcc/3.4.1.95/avrtoolchain/bin/../lib/gcc/avr/4.6.2/avr5\libgcc.a(_exit.o)
 .data          0x0080006b        0x0 c:/program files (x86)/atmel/atmel studio 6.0/extensions/atmel/avrgcc/3.4.1.95/avrtoolchain/bin/../lib/gcc/avr/4.6.2/avr5\libgcc.a(_copy_data.o)
 .data          0x0080006b        0x0 c:/program files (x86)/atmel/atmel studio 6.0/extensions/atmel/avrgcc/3.4.1.95/avrtoolchain/bin/../lib/gcc/avr/4.6.2/avr5\libgcc.a(_clear_bss.o)
 .data          0x0080006b        0x0 c:/program files (x86)/atmel/atmel studio 6.0/extensions/atmel/avrgcc/3.4.1.95/avrtoolchain/bin/../lib/gcc/avr/4.6.2/../../../../avr/lib/avr5\libc.a(memcpy.o)
 *(.data*)
 *(.rodata)
 *(.rodata*)
 *(.gnu.linkonce.d*)
                0x0080006c                . = ALIGN (0x2)
 *fill*         0x0080006b        0x1 00
                0x0080006c                _edata = .
                0x0080006c                PROVIDE (__data_end, .)

.bss            0x0080006c      0x3be
                0x0080006c                PROVIDE (__bss_start, .)
 *(.bss)
 .bss           0x0080006c        0x0 c:/program files (x86)/atmel/atmel studio 6.0/extensions/atmel/avrgcc/3.4.1.95/avrtoolchain/bin/../lib/gcc/avr/4.6.2/../../../../avr/lib/avr5/crtm32.o
 .bss           0x0080006c        0x0 DIO.o
 .bss           0x0080006c        0x0 event_groups.o
 .bss           0x0080006c      0x329 heap_2.o
 .bss           0x00800395        0x0 list.o
 .bss           0x00800395        0x0 mutex.o
 .bss           0x00800395        0x0 port.o
 .bss           0x00800395        0x0 queue.o
 .bss           0x00800395       0x6f tasks.o
                0x00800395                pxCurrentTCB
 .bss           0x00800404        0x0 c:/program files (x86)/atmel/atmel studio 6.0/extensions/atmel/avrgcc/3.4.1.95/avrtoolchain/bin/../lib/gcc/avr/4.6.2/avr5\libgcc.a(_exit.o)
 .bss           0x00800404        0x0 c:/program files (x86)/atmel/atmel studio 6.0/extensions/atmel/avrgcc/3.4.1.95/avrtoolchain/bin/../lib/gcc/avr/4.6.2/avr5\libgcc.a(_copy_data.o)
 .bss           0x00800404        0x0 c:/program files (x86)/atmel/atmel studio 6.0/extensions/atmel/avrgcc/3.4.1.95/avrtoolchain/bin/../lib/gcc/avr/4.6.2/avr5\libgcc.a(_clear_bss.o)
 .bss           0x00800404        0x0 c:/program files (x86)/atmel/atmel studio 6.0/extensions/atmel/avrgcc/3.4.1.95/avrtoolchain/bin/../lib/gcc/avr/4.6.2/../../../../avr/lib/avr5\libc.a(memcpy.o)
 *(.bss*)
 *(COMMON)
 COMMON         0x00800404        0x6 mutex.o
                0x00800404                x
                0x00800406                my_mutex
                0x00800408                y
 COMMON         0x0080040a       0x20 queue.o
                0x0080040a                xQueueRegistry
                0x0080042a                PROVIDE (__bss_end, .)
                0x00002acc                __data_load_start = LOADADDR (.data)
                0x00002ad8                __data_load_end = (__data_load_start + SIZEOF (.data))

.noinit         0x0080042a        0x0
                0x0080042a                PROVIDE (__noinit_start, .)
 *(.noinit*)
                0x0080042a                PROVIDE (__noinit_end, .)
                0x0080042a                _end = .
                0x0080042a                PROVIDE (__heap_start, .)

.eeprom         0x00810000        0x0
 *(.eeprom*)
                0x00810000                __eeprom_end = .

.fuse
 *(.fuse)
 *(.lfuse)
 *(.hfuse)
 *(.efuse)

.lock
 *(.lock*)

.signature
 *(.signature*)

.stab           0x00000000      0x750
 *(.stab)
 .stab          0x00000000      0x6cc c:/program files (x86)/atmel/atmel studio 6.0/extensions/atmel/avrgcc/3.4.1.95/avrtoolchain/bin/../lib/gcc/avr/4.6.2/../../../../avr/lib/avr5/crtm32.o
 .stab          0x000006cc       0x84 c:/program files (x86)/atmel/atmel studio 6.0/extensions/atmel/avrgcc/3.4.1.95/avrtoolchain/bin/../lib/gcc/avr/4.6.2/../../../../avr/lib/avr5\libc.a(memcpy.o)
                                 0x90 (size before relaxing)

.stabstr        0x00000000       0xe7
 *(.stabstr)
 .stabstr       0x00000000       0xe7 c:/program files (x86)/atmel/atmel studio 6.0/extensions/atmel/avrgcc/3.4.1.95/avrtoolchain/bin/../lib/gcc/avr/4.6.2/../../../../avr/lib/avr5/crtm32.o

.stab.excl
 *(.stab.excl)

.stab.exclstr
 *(.stab.exclstr)

.stab.index
 *(.stab.index)

.stab.indexstr
 *(.stab.indexstr)

.comment
 *(.comment)

.debug
 *(.debug)

.line
 *(.line)

.debug_srcinfo
 *(.debug_srcinfo)

.debug_sfnames
 *(.debug_sfnames)

.debug_aranges  0x00000000      0x160
 *(.debug_aranges)
 .debug_aranges
                0x00000000       0x20 DIO.o
 .debug_aranges
                0x00000020       0x20 event_groups.o
 .debug_aranges
                0x00000040       0x20 heap_2.o
 .debug_aranges
                0x00000060       0x20 list.o
 .debug_aranges
                0x00000080       0x20 mutex.o
 .debug_aranges
                0x000000a0       0x20 port.o
 .debug_aranges
                0x000000c0       0x20 queue.o
 .debug_aranges
                0x000000e0       0x20 tasks.o
 .debug_aranges
                0x00000100       0x20 c:/program files (x86)/atmel/atmel studio 6.0/extensions/atmel/avrgcc/3.4.1.95/avrtoolchain/bin/../lib/gcc/avr/4.6.2/avr5\libgcc.a(_exit.o)
 .debug_aranges
                0x00000120       0x20 c:/program files (x86)/atmel/atmel studio 6.0/extensions/atmel/avrgcc/3.4.1.95/avrtoolchain/bin/../lib/gcc/avr/4.6.2/avr5\libgcc.a(_copy_data.o)
 .debug_aranges
                0x00000140       0x20 c:/program files (x86)/atmel/atmel studio 6.0/extensions/atmel/avrgcc/3.4.1.95/avrtoolchain/bin/../lib/gcc/avr/4.6.2/avr5\libgcc.a(_clear_bss.o)

.debug_pubnames
 *(.debug_pubnames)

.debug_info     0x00000000     0x35f0
 *(.debug_info)
 .debug_info    0x00000000      0x20e DIO.o
 .debug_info    0x0000020e      0x661 event_groups.o
 .debug_info    0x0000086f      0x2db heap_2.o
 .debug_info    0x00000b4a      0x2b5 list.o
 .debug_info    0x00000dff      0x202 mutex.o
 .debug_info    0x00001001      0x203 port.o
 .debug_info    0x00001204      0xd27 queue.o
 .debug_info    0x00001f2b     0x142e tasks.o
 .debug_info    0x00003359       0xdd c:/program files (x86)/atmel/atmel studio 6.0/extensions/atmel/avrgcc/3.4.1.95/avrtoolchain/bin/../lib/gcc/avr/4.6.2/avr5\libgcc.a(_exit.o)
 .debug_info    0x00003436       0xdd c:/program files (x86)/atmel/atmel studio 6.0/extensions/atmel/avrgcc/3.4.1.95/avrtoolchain/bin/../lib/gcc/avr/4.6.2/avr5\libgcc.a(_copy_data.o)
 .debug_info    0x00003513       0xdd c:/program files (x86)/atmel/atmel studio 6.0/extensions/atmel/avrgcc/3.4.1.95/avrtoolchain/bin/../lib/gcc/avr/4.6.2/avr5\libgcc.a(_clear_bss.o)
 *(.gnu.linkonce.wi.*)

.debug_abbrev   0x00000000      0xc5a
 *(.debug_abbrev)
 .debug_abbrev  0x00000000       0xa9 DIO.o
 .debug_abbrev  0x000000a9      0x183 event_groups.o
 .debug_abbrev  0x0000022c      0x182 heap_2.o
 .debug_abbrev  0x000003ae       0xed list.o
 .debug_abbrev  0x0000049b      0x14b mutex.o
 .debug_abbrev  0x000005e6      0x113 port.o
 .debug_abbrev  0x000006f9      0x277 queue.o
 .debug_abbrev  0x00000970      0x2ae tasks.o
 .debug_abbrev  0x00000c1e       0x14 c:/program files (x86)/atmel/atmel studio 6.0/extensions/atmel/avrgcc/3.4.1.95/avrtoolchain/bin/../lib/gcc/avr/4.6.2/avr5\libgcc.a(_exit.o)
 .debug_abbrev  0x00000c32       0x14 c:/program files (x86)/atmel/atmel studio 6.0/extensions/atmel/avrgcc/3.4.1.95/avrtoolchain/bin/../lib/gcc/avr/4.6.2/avr5\libgcc.a(_copy_data.o)
 .debug_abbrev  0x00000c46       0x14 c:/program files (x86)/atmel/atmel studio 6.0/extensions/atmel/avrgcc/3.4.1.95/avrtoolchain/bin/../lib/gcc/avr/4.6.2/avr5\libgcc.a(_clear_bss.o)

.debug_line     0x00000000     0x144d
 *(.debug_line)
 .debug_line    0x00000000      0x121 DIO.o
 .debug_line    0x00000121      0x1c7 event_groups.o
 .debug_line    0x000002e8      0x1d0 heap_2.o
 .debug_line    0x000004b8      0x11f list.o
 .debug_line    0x000005d7      0x1c4 mutex.o
 .debug_line    0x0000079b      0x14b port.o
 .debug_line    0x000008e6      0x389 queue.o
 .debug_line    0x00000c6f      0x637 tasks.o
 .debug_line    0x000012a6       0x88 c:/program files (x86)/atmel/atmel studio 6.0/extensions/atmel/avrgcc/3.4.1.95/avrtoolchain/bin/../lib/gcc/avr/4.6.2/avr5\libgcc.a(_exit.o)
 .debug_line    0x0000132e       0x91 c:/program files (x86)/atmel/atmel studio 6.0/extensions/atmel/avrgcc/3.4.1.95/avrtoolchain/bin/../lib/gcc/avr/4.6.2/avr5\libgcc.a(_copy_data.o)
 .debug_line    0x000013bf       0x8e c:/program files (x86)/atmel/atmel studio 6.0/extensions/atmel/avrgcc/3.4.1.95/avrtoolchain/bin/../lib/gcc/avr/4.6.2/avr5\libgcc.a(_clear_bss.o)

.debug_frame    0x00000000      0xb8c
 *(.debug_frame)
 .debug_frame   0x00000000       0x84 DIO.o
 .debug_frame   0x00000084      0x168 event_groups.o
 .debug_frame   0x000001ec       0x7c heap_2.o
 .debug_frame   0x00000268       0x88 list.o
 .debug_frame   0x000002f0       0x44 mutex.o
 .debug_frame   0x00000334       0x74 port.o
 .debug_frame   0x000003a8      0x2bc queue.o
 .debug_frame   0x00000664      0x528 tasks.o

.debug_str      0x00000000     0x1540
 *(.debug_str)
 .debug_str     0x00000000      0x12b DIO.o
                                0x16a (size before relaxing)
 .debug_str     0x0000012b      0x33d event_groups.o
                                0x437 (size before relaxing)
 .debug_str     0x00000468      0x154 heap_2.o
                                0x232 (size before relaxing)
 .debug_str     0x000005bc       0x8e list.o
                                0x208 (size before relaxing)
 .debug_str     0x0000064a       0x91 mutex.o
                                0x17a (size before relaxing)
 .debug_str     0x000006db       0xf2 port.o
                                0x1db (size before relaxing)
 .debug_str     0x000007cd      0x448 queue.o
                                0x633 (size before relaxing)
 .debug_str     0x00000c15      0x92b tasks.o
                                0xbab (size before relaxing)

.debug_loc      0x00000000     0x40d3
 *(.debug_loc)
 .debug_loc     0x00000000      0x3ac DIO.o
 .debug_loc     0x000003ac      0xaaa event_groups.o
 .debug_loc     0x00000e56      0x2ca heap_2.o
 .debug_loc     0x00001120      0x149 list.o
 .debug_loc     0x00001269       0x18 mutex.o
 .debug_loc     0x00001281      0x28e port.o
 .debug_loc     0x0000150f     0x10c9 queue.o
 .debug_loc     0x000025d8     0x1afb tasks.o

.debug_macinfo
 *(.debug_macinfo)
OUTPUT(mutex.elf elf32-avr)
LOAD linker stubs

.debug_ranges   0x00000000      0x130
 .debug_ranges  0x00000000       0x78 queue.o
 .debug_ranges  0x00000078       0xb8 tasks.o
