Archive member included because of file (symbol)

c:/program files (x86)/atmel/atmel studio 6.0/extensions/atmel/avrgcc/3.4.1.95/avrtoolchain/bin/../lib/gcc/avr/4.6.2/avr5\libgcc.a(_exit.o)
                              c:/program files (x86)/atmel/atmel studio 6.0/extensions/atmel/avrgcc/3.4.1.95/avrtoolchain/bin/../lib/gcc/avr/4.6.2/../../../../avr/lib/avr5/crtm32.o (exit)
c:/program files (x86)/atmel/atmel studio 6.0/extensions/atmel/avrgcc/3.4.1.95/avrtoolchain/bin/../lib/gcc/avr/4.6.2/avr5\libgcc.a(_copy_data.o)
                              DIO.o (__do_copy_data)
c:/program files (x86)/atmel/atmel studio 6.0/extensions/atmel/avrgcc/3.4.1.95/avrtoolchain/bin/../lib/gcc/avr/4.6.2/avr5\libgcc.a(_clear_bss.o)
                              DIO.o (__do_clear_bss)
c:/program files (x86)/atmel/atmel studio 6.0/extensions/atmel/avrgcc/3.4.1.95/avrtoolchain/bin/../lib/gcc/avr/4.6.2/../../../../avr/lib/avr5\libc.a(memcpy.o)
                              queue.o (memcpy)

Allocating common symbols
Common symbol       size              file

x                   0x2               Mutual  Exclusion 2.o
xQueueRegistry      0x20              queue.o
y                   0x2               Mutual  Exclusion 2.o

Memory Configuration

Name             Origin             Length             Attributes
text             0x00000000         0x00020000         xr
data             0x00800060         0x0000ffa0         rw !x
eeprom           0x00810000         0x00010000         rw !x
fuse             0x00820000         0x00000400         rw !x
lock             0x00830000         0x00000400         rw !x
signature        0x00840000         0x00000400         rw !x
*default*        0x00000000         0xffffffff

Linker script and memory map

LOAD c:/program files (x86)/atmel/atmel studio 6.0/extensions/atmel/avrgcc/3.4.1.95/avrtoolchain/bin/../lib/gcc/avr/4.6.2/../../../../avr/lib/avr5/crtm32.o
LOAD DIO.o
LOAD event_groups.o
LOAD heap_2.o
LOAD list.o
LOAD Mutual  Exclusion 2.o
LOAD port.o
LOAD queue.o
LOAD tasks.o
START GROUP
LOAD c:/program files (x86)/atmel/atmel studio 6.0/extensions/atmel/avrgcc/3.4.1.95/avrtoolchain/bin/../lib/gcc/avr/4.6.2/../../../../avr/lib/avr5\libm.a
END GROUP
LOAD c:/program files (x86)/atmel/atmel studio 6.0/extensions/atmel/avrgcc/3.4.1.95/avrtoolchain/bin/../lib/gcc/avr/4.6.2/avr5\libgcc.a
LOAD c:/program files (x86)/atmel/atmel studio 6.0/extensions/atmel/avrgcc/3.4.1.95/avrtoolchain/bin/../lib/gcc/avr/4.6.2/../../../../avr/lib/avr5\libc.a
LOAD c:/program files (x86)/atmel/atmel studio 6.0/extensions/atmel/avrgcc/3.4.1.95/avrtoolchain/bin/../lib/gcc/avr/4.6.2/avr5\libgcc.a

.hash
 *(.hash)

.dynsym
 *(.dynsym)

.dynstr
 *(.dynstr)

.gnu.version
 *(.gnu.version)

.gnu.version_d
 *(.gnu.version_d)

.gnu.version_r
 *(.gnu.version_r)

.rel.init
 *(.rel.init)

.rela.init
 *(.rela.init)

.rel.text
 *(.rel.text)
 *(.rel.text.*)
 *(.rel.gnu.linkonce.t*)

.rela.text
 *(.rela.text)
 *(.rela.text.*)
 *(.rela.gnu.linkonce.t*)

.rel.fini
 *(.rel.fini)

.rela.fini
 *(.rela.fini)

.rel.rodata
 *(.rel.rodata)
 *(.rel.rodata.*)
 *(.rel.gnu.linkonce.r*)

.rela.rodata
 *(.rela.rodata)
 *(.rela.rodata.*)
 *(.rela.gnu.linkonce.r*)

.rel.data
 *(.rel.data)
 *(.rel.data.*)
 *(.rel.gnu.linkonce.d*)

.rela.data
 *(.rela.data)
 *(.rela.data.*)
 *(.rela.gnu.linkonce.d*)

.rel.ctors
 *(.rel.ctors)

.rela.ctors
 *(.rela.ctors)

.rel.dtors
 *(.rel.dtors)

.rela.dtors
 *(.rela.dtors)

.rel.got
 *(.rel.got)

.rela.got
 *(.rela.got)

.rel.bss
 *(.rel.bss)

.rela.bss
 *(.rela.bss)

.rel.plt
 *(.rel.plt)

.rela.plt
 *(.rela.plt)

.text           0x00000000     0x2a84
 *(.vectors)
 .vectors       0x00000000       0x54 c:/program files (x86)/atmel/atmel studio 6.0/extensions/atmel/avrgcc/3.4.1.95/avrtoolchain/bin/../lib/gcc/avr/4.6.2/../../../../avr/lib/avr5/crtm32.o
                0x00000000                __vector_default
                0x00000000                __vectors
 *(.vectors)
 *(.progmem.gcc*)
 *(.progmem*)
                0x00000054                . = ALIGN (0x2)
                0x00000054                __trampolines_start = .
 *(.trampolines)
 .trampolines   0x00000054        0x0 linker stubs
 *(.trampolines*)
                0x00000054                __trampolines_end = .
 *(.jumptables)
 *(.jumptables*)
 *(.lowtext)
 *(.lowtext*)
                0x00000054                __ctors_start = .
 *(.ctors)
                0x00000054                __ctors_end = .
                0x00000054                __dtors_start = .
 *(.dtors)
                0x00000054                __dtors_end = .
 SORT(*)(.ctors)
 SORT(*)(.dtors)
 *(.init0)
 .init0         0x00000054        0x0 c:/program files (x86)/atmel/atmel studio 6.0/extensions/atmel/avrgcc/3.4.1.95/avrtoolchain/bin/../lib/gcc/avr/4.6.2/../../../../avr/lib/avr5/crtm32.o
                0x00000054                __init
 *(.init0)
 *(.init1)
 *(.init1)
 *(.init2)
 .init2         0x00000054        0xc c:/program files (x86)/atmel/atmel studio 6.0/extensions/atmel/avrgcc/3.4.1.95/avrtoolchain/bin/../lib/gcc/avr/4.6.2/../../../../avr/lib/avr5/crtm32.o
 *(.init2)
 *(.init3)
 *(.init3)
 *(.init4)
 .init4         0x00000060       0x16 c:/program files (x86)/atmel/atmel studio 6.0/extensions/atmel/avrgcc/3.4.1.95/avrtoolchain/bin/../lib/gcc/avr/4.6.2/avr5\libgcc.a(_copy_data.o)
                0x00000060                __do_copy_data
 .init4         0x00000076       0x10 c:/program files (x86)/atmel/atmel studio 6.0/extensions/atmel/avrgcc/3.4.1.95/avrtoolchain/bin/../lib/gcc/avr/4.6.2/avr5\libgcc.a(_clear_bss.o)
                0x00000076                __do_clear_bss
 *(.init4)
 *(.init5)
 *(.init5)
 *(.init6)
 *(.init6)
 *(.init7)
 *(.init7)
 *(.init8)
 *(.init8)
 *(.init9)
 .init9         0x00000086        0x8 c:/program files (x86)/atmel/atmel studio 6.0/extensions/atmel/avrgcc/3.4.1.95/avrtoolchain/bin/../lib/gcc/avr/4.6.2/../../../../avr/lib/avr5/crtm32.o
 *(.init9)
 *(.text)
 .text          0x0000008e        0x4 c:/program files (x86)/atmel/atmel studio 6.0/extensions/atmel/avrgcc/3.4.1.95/avrtoolchain/bin/../lib/gcc/avr/4.6.2/../../../../avr/lib/avr5/crtm32.o
                0x0000008e                __vector_1
                0x0000008e                __vector_12
                0x0000008e                __bad_interrupt
                0x0000008e                __vector_6
                0x0000008e                __vector_3
                0x0000008e                __vector_11
                0x0000008e                __vector_13
                0x0000008e                __vector_17
                0x0000008e                __vector_19
                0x0000008e                __vector_5
                0x0000008e                __vector_4
                0x0000008e                __vector_9
                0x0000008e                __vector_2
                0x0000008e                __vector_15
                0x0000008e                __vector_8
                0x0000008e                __vector_14
                0x0000008e                __vector_10
                0x0000008e                __vector_16
                0x0000008e                __vector_18
                0x0000008e                __vector_20
 .text          0x00000092      0x3e2 DIO.o
                0x00000092                DIO_vsetPINDir
                0x00000198                DIO_write
                0x0000029e                DIO_u8read
                0x00000354                DIO_toggle
                0x000003d4                DIO_write_port
                0x000003fc                dio_write_highnibble
                0x0000043c                clear_high_nibble
 .text          0x00000474      0x352 event_groups.o
                0x0000049a                xEventGroupCreate
                0x000004c2                xEventGroupWaitBits
                0x0000059a                xEventGroupClearBits
                0x000005b8                xEventGroupGetBitsFromISR
                0x000005c0                xEventGroupSetBits
                0x000006b6                xEventGroupSync
                0x00000784                vEventGroupDelete
                0x000007b6                vEventGroupSetBitsCallback
                0x000007be                vEventGroupClearBitsCallback
 .text          0x000007c6      0x1b2 heap_2.o
                0x000007c6                pvPortMalloc
                0x00000906                vPortFree
                0x0000096c                xPortGetFreeHeapSize
                0x00000976                vPortInitialiseBlocks
 .text          0x00000978      0x116 list.o
                0x00000978                vListInitialise
                0x00000994                vListInitialiseItem
                0x0000099c                vListInsertEnd
                0x000009da                vListInsert
                0x00000a3e                uxListRemove
 .text          0x00000a8e       0x9e Mutual  Exclusion 2.o
                0x00000a8e                task2
                0x00000ace                task1
                0x00000af6                main
 .text          0x00000b2c      0x2fe port.o
                0x00000b2c                pxPortInitialiseStack
                0x00000c4c                xPortStartScheduler
                0x00000cb6                vPortEndScheduler
                0x00000cb8                vPortYield
                0x00000d6a                vPortYieldFromTick
                0x00000e24                __vector_7
 .text          0x00000e2a      0x858 queue.o
                0x00000fe2                xQueueGenericReset
                0x0000106e                xQueueGenericCreate
                0x000010c0                xQueueGenericSend
                0x0000120c                xQueueCreateMutex
                0x00001242                xQueueGenericSendFromISR
                0x000012b4                xQueueGiveFromISR
                0x00001306                xQueueGenericReceive
                0x000014a0                xQueueReceiveFromISR
                0x0000150e                xQueuePeekFromISR
                0x0000153c                uxQueueMessagesWaiting
                0x0000154c                uxQueueSpacesAvailable
                0x00001560                uxQueueMessagesWaitingFromISR
                0x00001566                xQueueIsQueueEmptyFromISR
                0x00001572                xQueueIsQueueFullFromISR
                0x00001580                vQueueAddToRegistry
                0x000015cc                pcQueueGetName
                0x0000161c                vQueueUnregisterQueue
                0x0000166c                vQueueDelete
 .text          0x00001682     0x13ec tasks.o
                0x000017b8                xTaskCreate
                0x000019fc                vTaskDelete
                0x00001aa0                uxTaskPriorityGet
                0x00001abe                uxTaskPriorityGetFromISR
                0x00001ad2                vTaskPrioritySet
                0x00001bd2                vTaskResume
                0x00001c58                xTaskResumeFromISR
                0x00001cea                vTaskStartScheduler
                0x00001d3e                vTaskEndScheduler
                0x00001d4a                vTaskSuspendAll
                0x00001d56                xTaskGetTickCount
                0x00001d6a                xTaskGetTickCountFromISR
                0x00001d74                uxTaskGetNumberOfTasks
                0x00001d7a                pcTaskGetName
                0x00001d8a                xTaskIncrementTick
                0x00001ed4                xTaskResumeAll
                0x00002044                vTaskDelay
                0x0000206c                vTaskDelayUntil
                0x000020ea                vTaskSwitchContext
                0x000021a2                vTaskSuspend
                0x00002240                vTaskPlaceOnEventList
                0x00002264                vTaskPlaceOnUnorderedEventList
                0x00002296                xTaskRemoveFromEventList
                0x0000232c                xTaskRemoveFromUnorderedEventList
                0x000023a0                vTaskSetTimeOutState
                0x000023b6                xTaskCheckForTimeOut
                0x00002420                vTaskMissedYield
                0x00002428                xTaskGetCurrentTaskHandle
                0x00002432                vTaskPriorityInherit
                0x000024ee                xTaskPriorityDisinherit
                0x00002570                uxTaskResetEventItemValue
                0x000025a0                pvTaskIncrementMutexHeldCount
                0x000025c4                ulTaskNotifyTake
                0x0000267a                xTaskNotifyWait
                0x00002772                xTaskGenericNotify
                0x0000286c                xTaskGenericNotifyFromISR
                0x0000298c                vTaskNotifyGiveFromISR
                0x00002a44                xTaskNotifyStateClear
 .text          0x00002a6e        0x0 c:/program files (x86)/atmel/atmel studio 6.0/extensions/atmel/avrgcc/3.4.1.95/avrtoolchain/bin/../lib/gcc/avr/4.6.2/avr5\libgcc.a(_exit.o)
 .text          0x00002a6e        0x0 c:/program files (x86)/atmel/atmel studio 6.0/extensions/atmel/avrgcc/3.4.1.95/avrtoolchain/bin/../lib/gcc/avr/4.6.2/avr5\libgcc.a(_copy_data.o)
 .text          0x00002a6e        0x0 c:/program files (x86)/atmel/atmel studio 6.0/extensions/atmel/avrgcc/3.4.1.95/avrtoolchain/bin/../lib/gcc/avr/4.6.2/avr5\libgcc.a(_clear_bss.o)
 .text          0x00002a6e        0x0 c:/program files (x86)/atmel/atmel studio 6.0/extensions/atmel/avrgcc/3.4.1.95/avrtoolchain/bin/../lib/gcc/avr/4.6.2/../../../../avr/lib/avr5\libc.a(memcpy.o)
                0x00002a6e                . = ALIGN (0x2)
 *(.text.*)
 .text.libgcc   0x00002a6e        0x0 c:/program files (x86)/atmel/atmel studio 6.0/extensions/atmel/avrgcc/3.4.1.95/avrtoolchain/bin/../lib/gcc/avr/4.6.2/avr5\libgcc.a(_exit.o)
 .text.libgcc   0x00002a6e        0x0 c:/program files (x86)/atmel/atmel studio 6.0/extensions/atmel/avrgcc/3.4.1.95/avrtoolchain/bin/../lib/gcc/avr/4.6.2/avr5\libgcc.a(_copy_data.o)
 .text.libgcc   0x00002a6e        0x0 c:/program files (x86)/atmel/atmel studio 6.0/extensions/atmel/avrgcc/3.4.1.95/avrtoolchain/bin/../lib/gcc/avr/4.6.2/avr5\libgcc.a(_clear_bss.o)
 .text.avr-libc
                0x00002a6e       0x12 c:/program files (x86)/atmel/atmel studio 6.0/extensions/atmel/avrgcc/3.4.1.95/avrtoolchain/bin/../lib/gcc/avr/4.6.2/../../../../avr/lib/avr5\libc.a(memcpy.o)
                0x00002a6e                memcpy
                0x00002a80                . = ALIGN (0x2)
 *(.fini9)
 .fini9         0x00002a80        0x0 c:/program files (x86)/atmel/atmel studio 6.0/extensions/atmel/avrgcc/3.4.1.95/avrtoolchain/bin/../lib/gcc/avr/4.6.2/avr5\libgcc.a(_exit.o)
                0x00002a80                _exit
                0x00002a80                exit
 *(.fini9)
 *(.fini8)
 *(.fini8)
 *(.fini7)
 *(.fini7)
 *(.fini6)
 *(.fini6)
 *(.fini5)
 *(.fini5)
 *(.fini4)
 *(.fini4)
 *(.fini3)
 *(.fini3)
 *(.fini2)
 *(.fini2)
 *(.fini1)
 *(.fini1)
 *(.fini0)
 .fini0         0x00002a80        0x4 c:/program files (x86)/atmel/atmel studio 6.0/extensions/atmel/avrgcc/3.4.1.95/avrtoolchain/bin/../lib/gcc/avr/4.6.2/avr5\libgcc.a(_exit.o)
 *(.fini0)
                0x00002a84                _etext = .

.data           0x00800060        0xc load address 0x00002a84
                0x00800060                PROVIDE (__data_start, .)
 *(.data)
 .data          0x00800060        0x0 c:/program files (x86)/atmel/atmel studio 6.0/extensions/atmel/avrgcc/3.4.1.95/avrtoolchain/bin/../lib/gcc/avr/4.6.2/../../../../avr/lib/avr5/crtm32.o
 .data          0x00800060        0x0 DIO.o
 .data          0x00800060        0x0 event_groups.o
 .data          0x00800060        0x2 heap_2.o
 .data          0x00800062        0x0 list.o
 .data          0x00800062        0x4 Mutual  Exclusion 2.o
 .data          0x00800066        0x0 port.o
 .data          0x00800066        0x0 queue.o
 .data          0x00800066        0x5 tasks.o
 .data          0x0080006b        0x0 c:/program files (x86)/atmel/atmel studio 6.0/extensions/atmel/avrgcc/3.4.1.95/avrtoolchain/bin/../lib/gcc/avr/4.6.2/avr5\libgcc.a(_exit.o)
 .data          0x0080006b        0x0 c:/program files (x86)/atmel/atmel studio 6.0/extensions/atmel/avrgcc/3.4.1.95/avrtoolchain/bin/../lib/gcc/avr/4.6.2/avr5\libgcc.a(_copy_data.o)
 .data          0x0080006b        0x0 c:/program files (x86)/atmel/atmel studio 6.0/extensions/atmel/avrgcc/3.4.1.95/avrtoolchain/bin/../lib/gcc/avr/4.6.2/avr5\libgcc.a(_clear_bss.o)
 .data          0x0080006b        0x0 c:/program files (x86)/atmel/atmel studio 6.0/extensions/atmel/avrgcc/3.4.1.95/avrtoolchain/bin/../lib/gcc/avr/4.6.2/../../../../avr/lib/avr5\libc.a(memcpy.o)
 *(.data*)
 *(.rodata)
 *(.rodata*)
 *(.gnu.linkonce.d*)
                0x0080006c                . = ALIGN (0x2)
 *fill*         0x0080006b        0x1 00
                0x0080006c                _edata = .
                0x0080006c                PROVIDE (__data_end, .)

.bss            0x0080006c      0x3bc
                0x0080006c                PROVIDE (__bss_start, .)
 *(.bss)
 .bss           0x0080006c        0x0 c:/program files (x86)/atmel/atmel studio 6.0/extensions/atmel/avrgcc/3.4.1.95/avrtoolchain/bin/../lib/gcc/avr/4.6.2/../../../../avr/lib/avr5/crtm32.o
 .bss           0x0080006c        0x0 DIO.o
 .bss           0x0080006c        0x0 event_groups.o
 .bss           0x0080006c      0x329 heap_2.o
 .bss           0x00800395        0x0 list.o
 .bss           0x00800395        0x0 Mutual  Exclusion 2.o
 .bss           0x00800395        0x0 port.o
 .bss           0x00800395        0x0 queue.o
 .bss           0x00800395       0x6f tasks.o
                0x00800395                pxCurrentTCB
 .bss           0x00800404        0x0 c:/program files (x86)/atmel/atmel studio 6.0/extensions/atmel/avrgcc/3.4.1.95/avrtoolchain/bin/../lib/gcc/avr/4.6.2/avr5\libgcc.a(_exit.o)
 .bss           0x00800404        0x0 c:/program files (x86)/atmel/atmel studio 6.0/extensions/atmel/avrgcc/3.4.1.95/avrtoolchain/bin/../lib/gcc/avr/4.6.2/avr5\libgcc.a(_copy_data.o)
 .bss           0x00800404        0x0 c:/program files (x86)/atmel/atmel studio 6.0/extensions/atmel/avrgcc/3.4.1.95/avrtoolchain/bin/../lib/gcc/avr/4.6.2/avr5\libgcc.a(_clear_bss.o)
 .bss           0x00800404        0x0 c:/program files (x86)/atmel/atmel studio 6.0/extensions/atmel/avrgcc/3.4.1.95/avrtoolchain/bin/../lib/gcc/avr/4.6.2/../../../../avr/lib/avr5\libc.a(memcpy.o)
 *(.bss*)
 *(COMMON)
 COMMON         0x00800404        0x4 Mutual  Exclusion 2.o
                0x00800404                x
                0x00800406                y
 COMMON         0x00800408       0x20 queue.o
                0x00800408                xQueueRegistry
                0x00800428                PROVIDE (__bss_end, .)
                0x00002a84                __data_load_start = LOADADDR (.data)
                0x00002a90                __data_load_end = (__data_load_start + SIZEOF (.data))

.noinit         0x00800428        0x0
                0x00800428                PROVIDE (__noinit_start, .)
 *(.noinit*)
                0x00800428                PROVIDE (__noinit_end, .)
                0x00800428                _end = .
                0x00800428                PROVIDE (__heap_start, .)

.eeprom         0x00810000        0x0
 *(.eeprom*)
                0x00810000                __eeprom_end = .

.fuse
 *(.fuse)
 *(.lfuse)
 *(.hfuse)
 *(.efuse)

.lock
 *(.lock*)

.signature
 *(.signature*)

.stab           0x00000000      0x750
 *(.stab)
 .stab          0x00000000      0x6cc c:/program files (x86)/atmel/atmel studio 6.0/extensions/atmel/avrgcc/3.4.1.95/avrtoolchain/bin/../lib/gcc/avr/4.6.2/../../../../avr/lib/avr5/crtm32.o
 .stab          0x000006cc       0x84 c:/program files (x86)/atmel/atmel studio 6.0/extensions/atmel/avrgcc/3.4.1.95/avrtoolchain/bin/../lib/gcc/avr/4.6.2/../../../../avr/lib/avr5\libc.a(memcpy.o)
                                 0x90 (size before relaxing)

.stabstr        0x00000000       0xe7
 *(.stabstr)
 .stabstr       0x00000000       0xe7 c:/program files (x86)/atmel/atmel studio 6.0/extensions/atmel/avrgcc/3.4.1.95/avrtoolchain/bin/../lib/gcc/avr/4.6.2/../../../../avr/lib/avr5/crtm32.o

.stab.excl
 *(.stab.excl)

.stab.exclstr
 *(.stab.exclstr)

.stab.index
 *(.stab.index)

.stab.indexstr
 *(.stab.indexstr)

.comment
 *(.comment)

.debug
 *(.debug)

.line
 *(.line)

.debug_srcinfo
 *(.debug_srcinfo)

.debug_sfnames
 *(.debug_sfnames)

.debug_aranges  0x00000000      0x160
 *(.debug_aranges)
 .debug_aranges
                0x00000000       0x20 DIO.o
 .debug_aranges
                0x00000020       0x20 event_groups.o
 .debug_aranges
                0x00000040       0x20 heap_2.o
 .debug_aranges
                0x00000060       0x20 list.o
 .debug_aranges
                0x00000080       0x20 Mutual  Exclusion 2.o
 .debug_aranges
                0x000000a0       0x20 port.o
 .debug_aranges
                0x000000c0       0x20 queue.o
 .debug_aranges
                0x000000e0       0x20 tasks.o
 .debug_aranges
                0x00000100       0x20 c:/program files (x86)/atmel/atmel studio 6.0/extensions/atmel/avrgcc/3.4.1.95/avrtoolchain/bin/../lib/gcc/avr/4.6.2/avr5\libgcc.a(_exit.o)
 .debug_aranges
                0x00000120       0x20 c:/program files (x86)/atmel/atmel studio 6.0/extensions/atmel/avrgcc/3.4.1.95/avrtoolchain/bin/../lib/gcc/avr/4.6.2/avr5\libgcc.a(_copy_data.o)
 .debug_aranges
                0x00000140       0x20 c:/program files (x86)/atmel/atmel studio 6.0/extensions/atmel/avrgcc/3.4.1.95/avrtoolchain/bin/../lib/gcc/avr/4.6.2/avr5\libgcc.a(_clear_bss.o)

.debug_pubnames
 *(.debug_pubnames)

.debug_info     0x00000000     0x35a5
 *(.debug_info)
 .debug_info    0x00000000      0x20e DIO.o
 .debug_info    0x0000020e      0x661 event_groups.o
 .debug_info    0x0000086f      0x2db heap_2.o
 .debug_info    0x00000b4a      0x2b5 list.o
 .debug_info    0x00000dff      0x1b7 Mutual  Exclusion 2.o
 .debug_info    0x00000fb6      0x203 port.o
 .debug_info    0x000011b9      0xd27 queue.o
 .debug_info    0x00001ee0     0x142e tasks.o
 .debug_info    0x0000330e       0xdd c:/program files (x86)/atmel/atmel studio 6.0/extensions/atmel/avrgcc/3.4.1.95/avrtoolchain/bin/../lib/gcc/avr/4.6.2/avr5\libgcc.a(_exit.o)
 .debug_info    0x000033eb       0xdd c:/program files (x86)/atmel/atmel studio 6.0/extensions/atmel/avrgcc/3.4.1.95/avrtoolchain/bin/../lib/gcc/avr/4.6.2/avr5\libgcc.a(_copy_data.o)
 .debug_info    0x000034c8       0xdd c:/program files (x86)/atmel/atmel studio 6.0/extensions/atmel/avrgcc/3.4.1.95/avrtoolchain/bin/../lib/gcc/avr/4.6.2/avr5\libgcc.a(_clear_bss.o)
 *(.gnu.linkonce.wi.*)

.debug_abbrev   0x00000000      0xc38
 *(.debug_abbrev)
 .debug_abbrev  0x00000000       0xa9 DIO.o
 .debug_abbrev  0x000000a9      0x183 event_groups.o
 .debug_abbrev  0x0000022c      0x182 heap_2.o
 .debug_abbrev  0x000003ae       0xed list.o
 .debug_abbrev  0x0000049b      0x129 Mutual  Exclusion 2.o
 .debug_abbrev  0x000005c4      0x113 port.o
 .debug_abbrev  0x000006d7      0x277 queue.o
 .debug_abbrev  0x0000094e      0x2ae tasks.o
 .debug_abbrev  0x00000bfc       0x14 c:/program files (x86)/atmel/atmel studio 6.0/extensions/atmel/avrgcc/3.4.1.95/avrtoolchain/bin/../lib/gcc/avr/4.6.2/avr5\libgcc.a(_exit.o)
 .debug_abbrev  0x00000c10       0x14 c:/program files (x86)/atmel/atmel studio 6.0/extensions/atmel/avrgcc/3.4.1.95/avrtoolchain/bin/../lib/gcc/avr/4.6.2/avr5\libgcc.a(_copy_data.o)
 .debug_abbrev  0x00000c24       0x14 c:/program files (x86)/atmel/atmel studio 6.0/extensions/atmel/avrgcc/3.4.1.95/avrtoolchain/bin/../lib/gcc/avr/4.6.2/avr5\libgcc.a(_clear_bss.o)

.debug_line     0x00000000     0x1435
 *(.debug_line)
 .debug_line    0x00000000      0x11f DIO.o
 .debug_line    0x0000011f      0x1c7 event_groups.o
 .debug_line    0x000002e6      0x1d0 heap_2.o
 .debug_line    0x000004b6      0x11f list.o
 .debug_line    0x000005d5      0x1ae Mutual  Exclusion 2.o
 .debug_line    0x00000783      0x14b port.o
 .debug_line    0x000008ce      0x389 queue.o
 .debug_line    0x00000c57      0x637 tasks.o
 .debug_line    0x0000128e       0x88 c:/program files (x86)/atmel/atmel studio 6.0/extensions/atmel/avrgcc/3.4.1.95/avrtoolchain/bin/../lib/gcc/avr/4.6.2/avr5\libgcc.a(_exit.o)
 .debug_line    0x00001316       0x91 c:/program files (x86)/atmel/atmel studio 6.0/extensions/atmel/avrgcc/3.4.1.95/avrtoolchain/bin/../lib/gcc/avr/4.6.2/avr5\libgcc.a(_copy_data.o)
 .debug_line    0x000013a7       0x8e c:/program files (x86)/atmel/atmel studio 6.0/extensions/atmel/avrgcc/3.4.1.95/avrtoolchain/bin/../lib/gcc/avr/4.6.2/avr5\libgcc.a(_clear_bss.o)

.debug_frame    0x00000000      0xb8c
 *(.debug_frame)
 .debug_frame   0x00000000       0x84 DIO.o
 .debug_frame   0x00000084      0x168 event_groups.o
 .debug_frame   0x000001ec       0x7c heap_2.o
 .debug_frame   0x00000268       0x88 list.o
 .debug_frame   0x000002f0       0x44 Mutual  Exclusion 2.o
 .debug_frame   0x00000334       0x74 port.o
 .debug_frame   0x000003a8      0x2bc queue.o
 .debug_frame   0x00000664      0x528 tasks.o

.debug_str      0x00000000     0x154f
 *(.debug_str)
 .debug_str     0x00000000      0x147 DIO.o
                                0x186 (size before relaxing)
 .debug_str     0x00000147      0x33d event_groups.o
                                0x453 (size before relaxing)
 .debug_str     0x00000484      0x154 heap_2.o
                                0x24e (size before relaxing)
 .debug_str     0x000005d8       0x8e list.o
                                0x224 (size before relaxing)
 .debug_str     0x00000666       0x76 Mutual  Exclusion 2.o
                                0x165 (size before relaxing)
 .debug_str     0x000006dc       0xf2 port.o
                                0x1f7 (size before relaxing)
 .debug_str     0x000007ce      0x456 queue.o
                                0x64f (size before relaxing)
 .debug_str     0x00000c24      0x92b tasks.o
                                0xbc7 (size before relaxing)

.debug_loc      0x00000000     0x40d3
 *(.debug_loc)
 .debug_loc     0x00000000      0x3ac DIO.o
 .debug_loc     0x000003ac      0xaaa event_groups.o
 .debug_loc     0x00000e56      0x2ca heap_2.o
 .debug_loc     0x00001120      0x149 list.o
 .debug_loc     0x00001269       0x18 Mutual  Exclusion 2.o
 .debug_loc     0x00001281      0x28e port.o
 .debug_loc     0x0000150f     0x10c9 queue.o
 .debug_loc     0x000025d8     0x1afb tasks.o

.debug_macinfo
 *(.debug_macinfo)
OUTPUT(Mutual  Exclusion 2.elf elf32-avr)
LOAD linker stubs

.debug_ranges   0x00000000      0x130
 .debug_ranges  0x00000000       0x78 queue.o
 .debug_ranges  0x00000078       0xb8 tasks.o
